Archive member included to satisfy reference by file (symbol)

C:/Users/yoshi/.pico-sdk/toolchain/13_2_Rel1/bin/../lib/gcc/arm-none-eabi/13.2.1/thumb/v6-m/nofp\libgcc.a(_dvmd_tls.o)
                              CMakeFiles/Passive_Buzzer_Melody.dir/C_/Users/yoshi/.pico-sdk/sdk/2.0.0/src/rp2_common/pico_divider/divider_hardware.S.obj (__aeabi_idiv0)
C:/Users/yoshi/.pico-sdk/toolchain/13_2_Rel1/bin/../lib/gcc/arm-none-eabi/13.2.1/thumb/v6-m/nofp\libg.a(libc_a-calloc.o)
                              CMakeFiles/Passive_Buzzer_Melody.dir/C_/Users/yoshi/.pico-sdk/sdk/2.0.0/src/rp2_common/pico_malloc/malloc.c.obj (calloc)
C:/Users/yoshi/.pico-sdk/toolchain/13_2_Rel1/bin/../lib/gcc/arm-none-eabi/13.2.1/thumb/v6-m/nofp\libg.a(libc_a-callocr.o)
                              C:/Users/yoshi/.pico-sdk/toolchain/13_2_Rel1/bin/../lib/gcc/arm-none-eabi/13.2.1/thumb/v6-m/nofp\libg.a(libc_a-calloc.o) (_calloc_r)
C:/Users/yoshi/.pico-sdk/toolchain/13_2_Rel1/bin/../lib/gcc/arm-none-eabi/13.2.1/thumb/v6-m/nofp\libg.a(libc_a-malloc.o)
                              CMakeFiles/Passive_Buzzer_Melody.dir/C_/Users/yoshi/.pico-sdk/sdk/2.0.0/src/rp2_common/pico_malloc/malloc.c.obj (malloc)
C:/Users/yoshi/.pico-sdk/toolchain/13_2_Rel1/bin/../lib/gcc/arm-none-eabi/13.2.1/thumb/v6-m/nofp\libg.a(libc_a-mallocr.o)
                              C:/Users/yoshi/.pico-sdk/toolchain/13_2_Rel1/bin/../lib/gcc/arm-none-eabi/13.2.1/thumb/v6-m/nofp\libg.a(libc_a-callocr.o) (_malloc_r)
C:/Users/yoshi/.pico-sdk/toolchain/13_2_Rel1/bin/../lib/gcc/arm-none-eabi/13.2.1/thumb/v6-m/nofp\libg.a(libc_a-mlock.o)
                              C:/Users/yoshi/.pico-sdk/toolchain/13_2_Rel1/bin/../lib/gcc/arm-none-eabi/13.2.1/thumb/v6-m/nofp\libg.a(libc_a-mallocr.o) (__malloc_lock)
C:/Users/yoshi/.pico-sdk/toolchain/13_2_Rel1/bin/../lib/gcc/arm-none-eabi/13.2.1/thumb/v6-m/nofp\libg.a(libc_a-realloc.o)
                              CMakeFiles/Passive_Buzzer_Melody.dir/C_/Users/yoshi/.pico-sdk/sdk/2.0.0/src/rp2_common/pico_malloc/malloc.c.obj (realloc)
C:/Users/yoshi/.pico-sdk/toolchain/13_2_Rel1/bin/../lib/gcc/arm-none-eabi/13.2.1/thumb/v6-m/nofp\libg.a(libc_a-reallocr.o)
                              C:/Users/yoshi/.pico-sdk/toolchain/13_2_Rel1/bin/../lib/gcc/arm-none-eabi/13.2.1/thumb/v6-m/nofp\libg.a(libc_a-realloc.o) (_realloc_r)
C:/Users/yoshi/.pico-sdk/toolchain/13_2_Rel1/bin/../lib/gcc/arm-none-eabi/13.2.1/thumb/v6-m/nofp\libg.a(libc_a-ctype_.o)
                              CMakeFiles/Passive_Buzzer_Melody.dir/C_/Users/yoshi/.pico-sdk/sdk/2.0.0/lib/tinyusb/src/tusb.c.obj (_ctype_)
C:/Users/yoshi/.pico-sdk/toolchain/13_2_Rel1/bin/../lib/gcc/arm-none-eabi/13.2.1/thumb/v6-m/nofp\libg.a(libc_a-memcmp.o)
                              CMakeFiles/Passive_Buzzer_Melody.dir/C_/Users/yoshi/.pico-sdk/sdk/2.0.0/src/rp2_common/pico_atomic/atomic.c.obj (memcmp)
C:/Users/yoshi/.pico-sdk/toolchain/13_2_Rel1/bin/../lib/gcc/arm-none-eabi/13.2.1/thumb/v6-m/nofp\libg.a(libc_a-memmove.o)
                              C:/Users/yoshi/.pico-sdk/toolchain/13_2_Rel1/bin/../lib/gcc/arm-none-eabi/13.2.1/thumb/v6-m/nofp\libg.a(libc_a-reallocr.o) (memmove)
C:/Users/yoshi/.pico-sdk/toolchain/13_2_Rel1/bin/../lib/gcc/arm-none-eabi/13.2.1/thumb/v6-m/nofp\libg.a(libc_a-lcltime_r.o)
                              CMakeFiles/Passive_Buzzer_Melody.dir/C_/Users/yoshi/.pico-sdk/sdk/2.0.0/src/common/pico_util/datetime.c.obj (localtime_r)
C:/Users/yoshi/.pico-sdk/toolchain/13_2_Rel1/bin/../lib/gcc/arm-none-eabi/13.2.1/thumb/v6-m/nofp\libg.a(libc_a-mktime.o)
                              CMakeFiles/Passive_Buzzer_Melody.dir/C_/Users/yoshi/.pico-sdk/sdk/2.0.0/src/common/pico_util/datetime.c.obj (mktime)
C:/Users/yoshi/.pico-sdk/toolchain/13_2_Rel1/bin/../lib/gcc/arm-none-eabi/13.2.1/thumb/v6-m/nofp\libg.a(libc_a-month_lengths.o)
                              C:/Users/yoshi/.pico-sdk/toolchain/13_2_Rel1/bin/../lib/gcc/arm-none-eabi/13.2.1/thumb/v6-m/nofp\libg.a(libc_a-lcltime_r.o) (__month_lengths)
C:/Users/yoshi/.pico-sdk/toolchain/13_2_Rel1/bin/../lib/gcc/arm-none-eabi/13.2.1/thumb/v6-m/nofp\libg.a(libc_a-tzcalc_limits.o)
                              C:/Users/yoshi/.pico-sdk/toolchain/13_2_Rel1/bin/../lib/gcc/arm-none-eabi/13.2.1/thumb/v6-m/nofp\libg.a(libc_a-lcltime_r.o) (__tzcalc_limits)
C:/Users/yoshi/.pico-sdk/toolchain/13_2_Rel1/bin/../lib/gcc/arm-none-eabi/13.2.1/thumb/v6-m/nofp\libg.a(libc_a-tzlock.o)
                              C:/Users/yoshi/.pico-sdk/toolchain/13_2_Rel1/bin/../lib/gcc/arm-none-eabi/13.2.1/thumb/v6-m/nofp\libg.a(libc_a-lcltime_r.o) (__tz_lock)
C:/Users/yoshi/.pico-sdk/toolchain/13_2_Rel1/bin/../lib/gcc/arm-none-eabi/13.2.1/thumb/v6-m/nofp\libg.a(libc_a-tzset.o)
                              C:/Users/yoshi/.pico-sdk/toolchain/13_2_Rel1/bin/../lib/gcc/arm-none-eabi/13.2.1/thumb/v6-m/nofp\libg.a(libc_a-lcltime_r.o) (_tzset_unlocked)
C:/Users/yoshi/.pico-sdk/toolchain/13_2_Rel1/bin/../lib/gcc/arm-none-eabi/13.2.1/thumb/v6-m/nofp\libg.a(libc_a-tzset_r.o)
[...]
Memory Configuration

Name             Origin             Length             Attributes
FLASH            0x10000000         0x00200000         xr
RAM              0x20000000         0x00040000         xrw
SCRATCH_X        0x20040000         0x00001000         xrw
SCRATCH_Y        0x20041000         0x00001000         xrw
*default*        0x00000000         0xffffffff

Linker script and memory map

LOAD C:/Users/yoshi/.pico-sdk/toolchain/13_2_Rel1/bin/../lib/gcc/arm-none-eabi/13.2.1/thumb/v6-m/nofp/crti.o
LOAD C:/Users/yoshi/.pico-sdk/toolchain/13_2_Rel1/bin/../lib/gcc/arm-none-eabi/13.2.1/thumb/v6-m/nofp/crtbegin.o
LOAD C:/Users/yoshi/.pico-sdk/toolchain/13_2_Rel1/bin/../lib/gcc/arm-none-eabi/13.2.1/thumb/v6-m/nofp/crt0.o

.flash_begin    0x10000000        0x0
                0x10000000                        __flash_binary_start = .

.boot2          0x10000000      0x100
                0x10000000                        __boot2_start__ = .
 *(.boot2)
 .boot2         0x10000000      0x100 C:\Users\yoshi\AppData\Local\Temp\ccezejkZ.o
                0x10000100                        __boot2_end__ = .
                0x00000001                        ASSERT (((__boot2_end__ - __boot2_start__) == 0x100), ERROR: Pico second stage bootloader must be 256 bytes in size)

.text           0x10000100     0x67a4
                0x10000100                        __logical_binary_start = .
 *(.vectors)
 .vectors       0x10000100       0xd4 CMakeFiles/Passive_Buzzer_Melody.dir/C_/Users/yoshi/.pico-sdk/sdk/2.0.0/src/rp2_common/pico_crt0/crt0.S.obj
                0x10000100                __VECTOR_TABLE
                0x10000100                __vectors
                0x100001c0                isr_invalid
                0x100001c0                __default_isrs_start
                0x100001c2                isr_nmi
                0x100001c4                isr_hardfault
                0x100001c6                isr_svcall
                0x100001c8                isr_pendsv
                0x100001ca                isr_systick
                0x100001cc                isr_irq23
                0x100001cc                isr_irq18
                0x100001cc                isr_irq11
                0x100001cc                isr_irq28
                0x100001cc                isr_irq19
                0x100001cc                isr_irq0
                0x100001cc                isr_irq6
                0x100001cc                isr_irq5
                0x100001cc                isr_irq12
                0x100001cc                isr_irq22
                0x100001cc                isr_irq31
                0x100001cc                isr_irq17
                0x100001cc                isr_irq27
                0x100001cc                isr_irq30
                0x100001cc                isr_irq2
                0x100001cc                isr_irq10
                0x100001cc                isr_irq8
                0x100001cc                isr_irq24
                0x100001cc                isr_irq1
                0x100001cc                isr_irq7
                0x100001cc                isr_irq21
                0x100001cc                isr_irq20
                0x100001cc                isr_irq15
                0x100001cc                isr_irq25
                0x100001cc                isr_irq13
                0x100001cc                __unhandled_user_irq
                0x100001cc                isr_irq4
                0x100001cc                isr_irq16
                0x100001cc                isr_irq29
                0x100001cc                isr_irq26
                0x100001cc                __default_isrs_end
                0x100001cc                isr_irq3
                0x100001cc                isr_irq14
                0x100001cc                isr_irq9
                0x100001d2                unhandled_user_irq_num_in_r0
 *(.binary_info_header)
 .binary_info_header
                0x100001d4       0x14 CMakeFiles/Passive_Buzzer_Melody.dir/C_/Users/yoshi/.pico-sdk/sdk/2.0.0/src/rp2_common/pico_crt0/crt0.S.obj
                0x100001e8                        __binary_info_header_end = .
 *(.embedded_block)
                0x100001e8                        __embedded_block_end = .
 *(.reset)
 .reset         0x100001e8       0x9c CMakeFiles/Passive_Buzzer_Melody.dir/C_/Users/yoshi/.pico-sdk/sdk/2.0.0/src/rp2_common/pico_crt0/crt0.S.obj
                0x100001e8                _entry_point
 *(.init)
 .init          0x10000284        0x4 C:/Users/yoshi/.pico-sdk/toolchain/13_2_Rel1/bin/../lib/gcc/arm-none-eabi/13.2.1/thumb/v6-m/nofp/crti.o
                0x10000284                _init
 *(EXCLUDE_FILE(*libm.a: *libc.a:*lib_a-mem*.o *libgcc.a:) .text*)
 .text.register_tm_clones
                0x10000288       0x28 C:/Users/yoshi/.pico-sdk/toolchain/13_2_Rel1/bin/../lib/gcc/arm-none-eabi/13.2.1/thumb/v6-m/nofp/crtbegin.o
 .text.frame_dummy
                0x100002b0       0x24 C:/Users/yoshi/.pico-sdk/toolchain/13_2_Rel1/bin/../lib/gcc/arm-none-eabi/13.2.1/thumb/v6-m/nofp/crtbegin.o
 .text.pwm_set_chan_level
                0x100002d4       0x40 CMakeFiles/Passive_Buzzer_Melody.dir/Passive_Buzzer_Melody.cpp.obj
 .text.pwm_set_gpio_level
                0x10000314       0x24 CMakeFiles/Passive_Buzzer_Melody.dir/Passive_Buzzer_Melody.cpp.obj
 .text._Z10switch_isrjm
                0x10000338        0xc CMakeFiles/Passive_Buzzer_Melody.dir/Passive_Buzzer_Melody.cpp.obj
                0x10000338                switch_isr(unsigned int, unsigned long)
 .text._Z9setup_pwmjj
                0x10000344       0x50 CMakeFiles/Passive_Buzzer_Melody.dir/Passive_Buzzer_Melody.cpp.obj
                0x10000344                setup_pwm(unsigned int, unsigned int)
 .text._Z9play_tonejjj
                0x10000394       0xa0 CMakeFiles/Passive_Buzzer_Melody.dir/Passive_Buzzer_Melody.cpp.obj
                0x10000394                play_tone(unsigned int, unsigned int, unsigned int)
 .text._Z9stop_tonej
                0x10000434        0xa CMakeFiles/Passive_Buzzer_Melody.dir/Passive_Buzzer_Melody.cpp.obj
                0x10000434                stop_tone(unsigned int)
 *fill*         0x1000043e        0x2 
 .text._Z8durationii
                0x10000440       0x6c CMakeFiles/Passive_Buzzer_Melody.dir/Passive_Buzzer_Melody.cpp.obj
                0x10000440                duration(int, int)
 .text._Z11play_melodyPA2_Kiii
                0x100004ac       0x8c CMakeFiles/Passive_Buzzer_Melody.dir/Passive_Buzzer_Melody.cpp.obj
                0x100004ac                play_melody(int const (*) [2], int, int)
 .text.main     0x10000538       0x78 CMakeFiles/Passive_Buzzer_Melody.dir/Passive_Buzzer_Melody.cpp.obj
                0x10000538                main
 .text.gpio_set_function
                0x100005b0       0x34 CMakeFiles/Passive_Buzzer_Melody.dir/C_/Users/yoshi/.pico-sdk/sdk/2.0.0/src/rp2_common/hardware_gpio/gpio.c.obj
                0x100005b0                gpio_set_function
 .text.gpio_set_pulls
                0x100005e4       0x38 CMakeFiles/Passive_Buzzer_Melody.dir/C_/Users/yoshi/.pico-sdk/sdk/2.0.0/src/rp2_common/hardware_gpio/gpio.c.obj
                0x100005e4                gpio_set_pulls
 .text.gpio_set_irq_callback
                0x1000061c       0x48 CMakeFiles/Passive_Buzzer_Melody.dir/C_/Users/yoshi/.pico-sdk/sdk/2.0.0/src/rp2_common/hardware_gpio/gpio.c.obj
                0x1000061c                gpio_set_irq_callback
 .text.gpio_acknowledge_irq
                0x10000664       0x18 CMakeFiles/Passive_Buzzer_Melody.dir/C_/Users/yoshi/.pico-sdk/sdk/2.0.0/src/rp2_common/hardware_gpio/gpio.c.obj
                0x10000664                gpio_acknowledge_irq
 .text._gpio_set_irq_enabled
                0x1000067c       0x38 CMakeFiles/Passive_Buzzer_Melody.dir/C_/Users/yoshi/.pico-sdk/sdk/2.0.0/src/rp2_common/hardware_gpio/gpio.c.obj
 .text.gpio_set_irq_enabled
                0x100006b4       0x64 CMakeFiles/Passive_Buzzer_Melody.dir/C_/Users/yoshi/.pico-sdk/sdk/2.0.0/src/rp2_common/hardware_gpio/gpio.c.obj
                0x100006b4                gpio_set_irq_enabled
 .text.gpio_set_irq_enabled_with_callback
                0x10000718       0x28 CMakeFiles/Passive_Buzzer_Melody.dir/C_/Users/yoshi/.pico-sdk/sdk/2.0.0/src/rp2_common/hardware_gpio/gpio.c.obj
                0x10000718                gpio_set_irq_enabled_with_callback
 .text.gpio_default_irq_handler
                0x10000740       0xa0 CMakeFiles/Passive_Buzzer_Melody.dir/C_/Users/yoshi/.pico-sdk/sdk/2.0.0/src/rp2_common/hardware_gpio/gpio.c.obj
 .text.gpio_init
                0x100007e0       0x16 CMakeFiles/Passive_Buzzer_Melody.dir/C_/Users/yoshi/.pico-sdk/sdk/2.0.0/src/rp2_common/hardware_gpio/gpio.c.obj
                0x100007e0                gpio_init
 *fill*         0x100007f6        0x2 
 .text.rp2040_chip_version
                0x100007f8       0x54 CMakeFiles/Passive_Buzzer_Melody.dir/C_/Users/yoshi/.pico-sdk/sdk/2.0.0/src/rp2040/pico_platform/platform.c.obj
                0x100007f8                rp2040_chip_version
 .text.panic    0x1000084c       0x30 CMakeFiles/Passive_Buzzer_Melody.dir/C_/Users/yoshi/.pico-sdk/sdk/2.0.0/src/rp2_common/pico_platform_panic/panic.c.obj
                0x1000084c                panic
 .text.hw_claim_lock
                0x1000087c       0x18 CMakeFiles/Passive_Buzzer_Melody.dir/C_/Users/yoshi/.pico-sdk/sdk/2.0.0/src/common/hardware_claim/claim.c.obj
                0x1000087c                hw_claim_lock
 .text.hw_claim_unlock
                0x10000894       0x14 CMakeFiles/Passive_Buzzer_Melody.dir/C_/Users/yoshi/.pico-sdk/sdk/2.0.0/src/common/hardware_claim/claim.c.obj
                0x10000894                hw_claim_unlock
 .text.hw_claim_or_assert
                0x100008a8       0x32 CMakeFiles/Passive_Buzzer_Melody.dir/C_/Users/yoshi/.pico-sdk/sdk/2.0.0/src/common/hardware_claim/claim.c.obj
                0x100008a8                hw_claim_or_assert
 .text.hw_claim_unused_from_range
                0x100008da       0x50 CMakeFiles/Passive_Buzzer_Melody.dir/C_/Users/yoshi/.pico-sdk/sdk/2.0.0/src/common/hardware_claim/claim.c.obj
                0x100008da                hw_claim_unused_from_range
 *fill*         0x1000092a        0x2 
 .text.next_striped_spin_lock_num
                0x1000092c       0x1c CMakeFiles/Passive_Buzzer_Melody.dir/C_/Users/yoshi/.pico-sdk/sdk/2.0.0/src/rp2_common/hardware_sync/sync.c.obj
                0x1000092c                next_striped_spin_lock_num
 .text.spin_lock_claim_unused
                0x10000948       0x24 CMakeFiles/Passive_Buzzer_Melody.dir/C_/Users/yoshi/.pico-sdk/sdk/2.0.0/src/rp2_common/hardware_sync/sync.c.obj
                0x10000948                spin_lock_claim_unused
 .text.spin_locks_reset
                0x1000096c       0x20 CMakeFiles/Passive_Buzzer_Melody.dir/C_/Users/yoshi/.pico-sdk/sdk/2.0.0/src/rp2_common/hardware_sync_spin_lock/sync_spin_lock.c.obj
                0x1000096c                spin_locks_reset
 .text.set_raw_irq_handler_and_unlock
                0x1000098c       0x28 CMakeFiles/Passive_Buzzer_Melody.dir/C_/Users/yoshi/.pico-sdk/sdk/2.0.0/src/rp2_common/hardware_irq/irq.c.obj
 .text.nvic_ipr0
                0x100009b4        0x8 CMakeFiles/Passive_Buzzer_Melody.dir/C_/Users/yoshi/.pico-sdk/sdk/2.0.0/src/rp2_common/hardware_irq/irq.c.obj
 .text.runtime_init_per_core_irq_priorities
                0x100009bc       0x1c CMakeFiles/Passive_Buzzer_Melody.dir/C_/Users/yoshi/.pico-sdk/sdk/2.0.0/src/rp2_common/hardware_irq/irq.c.obj
                0x100009bc                runtime_init_per_core_irq_priorities
 .text.resolve_j_16
                0x100009d8       0x30 CMakeFiles/Passive_Buzzer_Melody.dir/C_/Users/yoshi/.pico-sdk/sdk/2.0.0/src/rp2_common/hardware_irq/irq.c.obj
 .text.make_j_16
                0x10000a08       0x48 CMakeFiles/Passive_Buzzer_Melody.dir/C_/Users/yoshi/.pico-sdk/sdk/2.0.0/src/rp2_common/hardware_irq/irq.c.obj
 .text.insert_bl_32
                0x10000a50       0x40 CMakeFiles/Passive_Buzzer_Melody.dir/C_/Users/yoshi/.pico-sdk/sdk/2.0.0/src/rp2_common/hardware_irq/irq.c.obj
 .text.irq_is_enabled
                0x10000a90       0x18 CMakeFiles/Passive_Buzzer_Melody.dir/C_/Users/yoshi/.pico-sdk/sdk/2.0.0/src/rp2_common/hardware_irq/irq.c.obj
                0x10000a90                irq_is_enabled
 .text.irq_set_mask_n_enabled
                0x10000aa8       0x1c CMakeFiles/Passive_Buzzer_Melody.dir/C_/Users/yoshi/.pico-sdk/sdk/2.0.0/src/rp2_common/hardware_irq/irq.c.obj
                0x10000aa8                irq_set_mask_n_enabled
 .text.irq_set_enabled
                0x10000ac4       0x14 CMakeFiles/Passive_Buzzer_Melody.dir/C_/Users/yoshi/.pico-sdk/sdk/2.0.0/src/rp2_common/hardware_irq/irq.c.obj
                0x10000ac4                irq_set_enabled
 .text.irq_set_pending
                0x10000ad8       0x10 CMakeFiles/Passive_Buzzer_Melody.dir/C_/Users/yoshi/.pico-sdk/sdk/2.0.0/src/rp2_common/hardware_irq/irq.c.obj
                0x10000ad8                irq_set_pending
 .text.irq_get_vtable_handler
                0x10000ae8       0x10 CMakeFiles/Passive_Buzzer_Melody.dir/C_/Users/yoshi/.pico-sdk/sdk/2.0.0/src/rp2_common/hardware_irq/irq.c.obj
                0x10000ae8                irq_get_vtable_handler
 .text.irq_has_shared_handler
                0x10000af8       0x24 CMakeFiles/Passive_Buzzer_Melody.dir/C_/Users/yoshi/.pico-sdk/sdk/2.0.0/src/rp2_common/hardware_irq/irq.c.obj
                0x10000af8                irq_has_shared_handler
 .text.irq_set_exclusive_handler
                0x10000b1c       0x54 CMakeFiles/Passive_Buzzer_Melody.dir/C_/Users/yoshi/.pico-sdk/sdk/2.0.0/src/rp2_common/hardware_irq/irq.c.obj
                0x10000b1c                irq_set_exclusive_handler
 .text.irq_add_shared_handler
                0x10000b70      0x218 CMakeFiles/Passive_Buzzer_Melody.dir/C_/Users/yoshi/.pico-sdk/sdk/2.0.0/src/rp2_common/hardware_irq/irq.c.obj
                0x10000b70                irq_add_shared_handler
 .text.irq_remove_handler
                0x10000d88      0x18c CMakeFiles/Passive_Buzzer_Melody.dir/C_/Users/yoshi/.pico-sdk/sdk/2.0.0/src/rp2_common/hardware_irq/irq.c.obj
                0x10000d88                irq_remove_handler
 .text.irq_add_tail_to_free_list
                0x10000f14       0xf4 CMakeFiles/Passive_Buzzer_Melody.dir/C_/Users/yoshi/.pico-sdk/sdk/2.0.0/src/rp2_common/hardware_irq/irq.c.obj
                0x10000f14                irq_add_tail_to_free_list
 .text.user_irq_claim_unused
                0x10001008       0x2c CMakeFiles/Passive_Buzzer_Melody.dir/C_/Users/yoshi/.pico-sdk/sdk/2.0.0/src/rp2_common/hardware_irq/irq.c.obj
                0x10001008                user_irq_claim_unused
 .text.lock_init
                0x10001034       0x10 CMakeFiles/Passive_Buzzer_Melody.dir/C_/Users/yoshi/.pico-sdk/sdk/2.0.0/src/common/pico_sync/lock_core.c.obj
                0x10001034                lock_init
 .text.mutex_init
                0x10001044       0x1a CMakeFiles/Passive_Buzzer_Melody.dir/C_/Users/yoshi/.pico-sdk/sdk/2.0.0/src/common/pico_sync/mutex.c.obj
                0x10001044                mutex_init
 .text.recursive_mutex_init
                0x1000105e       0x1e CMakeFiles/Passive_Buzzer_Melody.dir/C_/Users/yoshi/.pico-sdk/sdk/2.0.0/src/common/pico_sync/mutex.c.obj
                0x1000105e                recursive_mutex_init
 .text.runtime_init_mutex
                0x1000107c       0x4c CMakeFiles/Passive_Buzzer_Melody.dir/C_/Users/yoshi/.pico-sdk/sdk/2.0.0/src/common/pico_sync/mutex.c.obj
                0x1000107c                runtime_init_mutex
 .text.critical_section_init_with_lock_num
                0x100010c8       0x14 CMakeFiles/Passive_Buzzer_Melody.dir/C_/Users/yoshi/.pico-sdk/sdk/2.0.0/src/common/pico_sync/critical_section.c.obj
                0x100010c8                critical_section_init_with_lock_num
 .text.critical_section_init
                0x100010dc       0x14 CMakeFiles/Passive_Buzzer_Melody.dir/C_/Users/yoshi/.pico-sdk/sdk/2.0.0/src/common/pico_sync/critical_section.c.obj
                0x100010dc                critical_section_init
 .text.make_alarm_id
                0x100010f0        0x6 CMakeFiles/Passive_Buzzer_Melody.dir/C_/Users/yoshi/.pico-sdk/sdk/2.0.0/src/common/pico_time/time.c.obj
 *fill*         0x100010f6        0x2 
 .text.sleep_until_callback
                0x100010f8       0x30 CMakeFiles/Passive_Buzzer_Melody.dir/C_/Users/yoshi/.pico-sdk/sdk/2.0.0/src/common/pico_time/time.c.obj
 .text.alarm_pool_irq_handler
                0x10001128      0x2e0 CMakeFiles/Passive_Buzzer_Melody.dir/C_/Users/yoshi/.pico-sdk/sdk/2.0.0/src/common/pico_time/time.c.obj
 .text.ta_enable_irq_handler
                0x10001408       0x2c CMakeFiles/Passive_Buzzer_Melody.dir/C_/Users/yoshi/.pico-sdk/sdk/2.0.0/src/common/pico_time/time.c.obj
 .text.alarm_pool_post_alloc_init
                0x10001434       0x78 CMakeFiles/Passive_Buzzer_Melody.dir/C_/Users/yoshi/.pico-sdk/sdk/2.0.0/src/common/pico_time/time.c.obj
 .text.alarm_pool_get_default
                0x100014ac       0x2c CMakeFiles/Passive_Buzzer_Melody.dir/C_/Users/yoshi/.pico-sdk/sdk/2.0.0/src/common/pico_time/time.c.obj
                0x100014ac                alarm_pool_get_default
 .text.alarm_pool_add_alarm_at_force_in_context
                0x100014d8       0xa4 CMakeFiles/Passive_Buzzer_Melody.dir/C_/Users/yoshi/.pico-sdk/sdk/2.0.0/src/common/pico_time/time.c.obj
                0x100014d8                alarm_pool_add_alarm_at_force_in_context
 .text.alarm_pool_add_alarm_at
                0x1000157c       0x3c CMakeFiles/Passive_Buzzer_Melody.dir/C_/Users/yoshi/.pico-sdk/sdk/2.0.0/src/common/pico_time/time.c.obj
                0x1000157c                alarm_pool_add_alarm_at
 .text.add_alarm_at
                0x100015b8       0x2e CMakeFiles/Passive_Buzzer_Melody.dir/C_/Users/yoshi/.pico-sdk/sdk/2.0.0/src/common/pico_time/time.c.obj
 *fill*         0x100015e6        0x2 
 .text.alarm_pool_cancel_alarm
                0x100015e8       0x78 CMakeFiles/Passive_Buzzer_Melody.dir/C_/Users/yoshi/.pico-sdk/sdk/2.0.0/src/common/pico_time/time.c.obj
                0x100015e8                alarm_pool_cancel_alarm
 .text.cancel_alarm
                0x10001660       0x10 CMakeFiles/Passive_Buzzer_Melody.dir/C_/Users/yoshi/.pico-sdk/sdk/2.0.0/src/common/pico_time/time.c.obj
 .text.alarm_pool_core_num
                0x10001670        0x4 CMakeFiles/Passive_Buzzer_Melody.dir/C_/Users/yoshi/.pico-sdk/sdk/2.0.0/src/common/pico_time/time.c.obj
                0x10001670                alarm_pool_core_num
 .text.sleep_until
                0x10001674       0xc0 CMakeFiles/Passive_Buzzer_Melody.dir/C_/Users/yoshi/.pico-sdk/sdk/2.0.0/src/common/pico_time/time.c.obj
                0x10001674                sleep_until
 .text.sleep_us
                0x10001734       0x24 CMakeFiles/Passive_Buzzer_Melody.dir/C_/Users/yoshi/.pico-sdk/sdk/2.0.0/src/common/pico_time/time.c.obj
                0x10001734                sleep_us
 .text.sleep_ms
                0x10001758       0x14 CMakeFiles/Passive_Buzzer_Melody.dir/C_/Users/yoshi/.pico-sdk/sdk/2.0.0/src/common/pico_time/time.c.obj
                0x10001758                sleep_ms
 .text.best_effort_wfe_or_timeout
                0x1000176c       0xc4 CMakeFiles/Passive_Buzzer_Melody.dir/C_/Users/yoshi/.pico-sdk/sdk/2.0.0/src/common/pico_time/time.c.obj
                0x1000176c                best_effort_wfe_or_timeout
 .text.alarm_pool_get_default_timer
                0x10001830        0x8 CMakeFiles/Passive_Buzzer_Melody.dir/C_/Users/yoshi/.pico-sdk/sdk/2.0.0/src/common/pico_time/time.c.obj
                0x10001830                alarm_pool_get_default_timer
 .text.runtime_init_default_alarm_pool
                0x10001838       0x38 CMakeFiles/Passive_Buzzer_Melody.dir/C_/Users/yoshi/.pico-sdk/sdk/2.0.0/src/common/pico_time/time.c.obj
                0x10001838                runtime_init_default_alarm_pool
 .text.timer_hardware_alarm_claim
                0x10001870       0x14 CMakeFiles/Passive_Buzzer_Melody.dir/C_/Users/yoshi/.pico-sdk/sdk/2.0.0/src/rp2_common/hardware_timer/timer.c.obj
                0x10001870                timer_hardware_alarm_claim
 .text.timer_time_us_64
                0x10001884       0x10 CMakeFiles/Passive_Buzzer_Melody.dir/C_/Users/yoshi/.pico-sdk/sdk/2.0.0/src/rp2_common/hardware_timer/timer.c.obj
                0x10001884                timer_time_us_64
 .text.timer_busy_wait_until
                0x10001894       0x1a CMakeFiles/Passive_Buzzer_Melody.dir/C_/Users/yoshi/.pico-sdk/sdk/2.0.0/src/rp2_common/hardware_timer/timer.c.obj
                0x10001894                timer_busy_wait_until
 *fill*         0x100018ae        0x2 
 .text.time_us_64
                0x100018b0       0x10 CMakeFiles/Passive_Buzzer_Melody.dir/C_/Users/yoshi/.pico-sdk/sdk/2.0.0/src/rp2_common/hardware_timer/timer.c.obj
                0x100018b0                time_us_64
 .text.busy_wait_until
                0x100018c0       0x14 CMakeFiles/Passive_Buzzer_Melody.dir/C_/Users/yoshi/.pico-sdk/sdk/2.0.0/src/rp2_common/hardware_timer/timer.c.obj
                0x100018c0                busy_wait_until
 .text.clock_configure_internal
                0x100018d4       0xc4 CMakeFiles/Passive_Buzzer_Melody.dir/C_/Users/yoshi/.pico-sdk/sdk/2.0.0/src/rp2_common/hardware_clocks/clocks.c.obj
 .text.clock_configure_int_divider
                0x10001998       0x28 CMakeFiles/Passive_Buzzer_Melody.dir/C_/Users/yoshi/.pico-sdk/sdk/2.0.0/src/rp2_common/hardware_clocks/clocks.c.obj
                0x10001998                clock_configure_int_divider
 .text.clock_configure_undivided
                0x100019c0       0x12 CMakeFiles/Passive_Buzzer_Melody.dir/C_/Users/yoshi/.pico-sdk/sdk/2.0.0/src/rp2_common/hardware_clocks/clocks.c.obj
                0x100019c0                clock_configure_undivided
 *fill*         0x100019d2        0x2 
 .text.clock_get_hz
                0x100019d4        0xc CMakeFiles/Passive_Buzzer_Melody.dir/C_/Users/yoshi/.pico-sdk/sdk/2.0.0/src/rp2_common/hardware_clocks/clocks.c.obj
                0x100019d4                clock_get_hz
 .text.pll_init
                0x100019e0      0x124 CMakeFiles/Passive_Buzzer_Melody.dir/C_/Users/yoshi/.pico-sdk/sdk/2.0.0/src/rp2_common/hardware_pll/pll.c.obj
                0x100019e0                pll_init
 .text.watchdog_update
                0x10001b04       0x14 CMakeFiles/Passive_Buzzer_Melody.dir/C_/Users/yoshi/.pico-sdk/sdk/2.0.0/src/rp2_common/hardware_watchdog/watchdog.c.obj
                0x10001b04                watchdog_update
 .text._watchdog_enable
                0x10001b18       0x7c CMakeFiles/Passive_Buzzer_Melody.dir/C_/Users/yoshi/.pico-sdk/sdk/2.0.0/src/rp2_common/hardware_watchdog/watchdog.c.obj
                0x10001b18                _watchdog_enable
 .text.watchdog_reboot
                0x10001b94       0x48 CMakeFiles/Passive_Buzzer_Melody.dir/C_/Users/yoshi/.pico-sdk/sdk/2.0.0/src/rp2_common/hardware_watchdog/watchdog.c.obj
                0x10001b94                watchdog_reboot
 .text.tick_start
                0x10001bdc       0x10 CMakeFiles/Passive_Buzzer_Melody.dir/C_/Users/yoshi/.pico-sdk/sdk/2.0.0/src/rp2_common/hardware_ticks/ticks.c.obj
                0x10001bdc                tick_start
 .text.xosc_init
                0x10001bec       0x28 CMakeFiles/Passive_Buzzer_Melody.dir/C_/Users/yoshi/.pico-sdk/sdk/2.0.0/src/rp2_common/hardware_xosc/xosc.c.obj
                0x10001bec                xosc_init
 .text.runtime_run_initializers_from
                0x10001c14       0x18 CMakeFiles/Passive_Buzzer_Melody.dir/C_/Users/yoshi/.pico-sdk/sdk/2.0.0/src/rp2_common/pico_runtime/runtime.c.obj
 .text.first_per_core_initializer
                0x10001c2c        0x2 CMakeFiles/Passive_Buzzer_Melody.dir/C_/Users/yoshi/.pico-sdk/sdk/2.0.0/src/rp2_common/pico_runtime/runtime.c.obj
 *fill*         0x10001c2e        0x2 
 .text.runtime_run_initializers
                0x10001c30       0x10 CMakeFiles/Passive_Buzzer_Melody.dir/C_/Users/yoshi/.pico-sdk/sdk/2.0.0/src/rp2_common/pico_runtime/runtime.c.obj
                0x10001c30                runtime_run_initializers
 .text.runtime_init_early_resets
                0x10001c40       0x2c CMakeFiles/Passive_Buzzer_Melody.dir/C_/Users/yoshi/.pico-sdk/sdk/2.0.0/src/rp2_common/pico_runtime_init/runtime_init.c.obj
                0x10001c40                runtime_init_early_resets
 .text.runtime_init_usb_power_down
                0x10001c6c       0x1c CMakeFiles/Passive_Buzzer_Melody.dir/C_/Users/yoshi/.pico-sdk/sdk/2.0.0/src/rp2_common/pico_runtime_init/runtime_init.c.obj
                0x10001c6c                runtime_init_usb_power_down
 .text.runtime_init_post_clock_resets
                0x10001c88       0x20 CMakeFiles/Passive_Buzzer_Melody.dir/C_/Users/yoshi/.pico-sdk/sdk/2.0.0/src/rp2_common/pico_runtime_init/runtime_init.c.obj
                0x10001c88                runtime_init_post_clock_resets
 .text.runtime_init_rp2040_gpio_ie_disable
                0x10001ca8       0x14 CMakeFiles/Passive_Buzzer_Melody.dir/C_/Users/yoshi/.pico-sdk/sdk/2.0.0/src/rp2_common/pico_runtime_init/runtime_init.c.obj
                0x10001ca8                runtime_init_rp2040_gpio_ie_disable
 .text.runtime_init_spin_locks_reset
                0x10001cbc        0x8 CMakeFiles/Passive_Buzzer_Melody.dir/C_/Users/yoshi/.pico-sdk/sdk/2.0.0/src/rp2_common/pico_runtime_init/runtime_init.c.obj
                0x10001cbc                runtime_init_spin_locks_reset
 .text.runtime_init_install_ram_vector_table
                0x10001cc4       0x1c CMakeFiles/Passive_Buzzer_Melody.dir/C_/Users/yoshi/.pico-sdk/sdk/2.0.0/src/rp2_common/pico_runtime_init/runtime_init.c.obj
                0x10001cc4                runtime_init_install_ram_vector_table
 .text.start_all_ticks
                0x10001ce0       0x28 CMakeFiles/Passive_Buzzer_Melody.dir/C_/Users/yoshi/.pico-sdk/sdk/2.0.0/src/rp2_common/pico_runtime_init/runtime_init_clocks.c.obj
 .text.runtime_init_clocks
                0x10001d08       0xcc CMakeFiles/Passive_Buzzer_Melody.dir/C_/Users/yoshi/.pico-sdk/sdk/2.0.0/src/rp2_common/pico_runtime_init/runtime_init_clocks.c.obj
                0x10001d08                runtime_init_clocks
 .text          0x10001dd4       0x10 CMakeFiles/Passive_Buzzer_Melody.dir/C_/Users/yoshi/.pico-sdk/sdk/2.0.0/src/rp2_common/pico_bit_ops/bit_ops_aeabi.S.obj
 .text.rom_func_lookup
                0x10001de4       0x10 CMakeFiles/Passive_Buzzer_Melody.dir/C_/Users/yoshi/.pico-sdk/sdk/2.0.0/src/rp2_common/pico_bootrom/bootrom.c.obj
                0x10001de4                rom_func_lookup
 .text.rom_data_lookup
                0x10001df4       0x10 CMakeFiles/Passive_Buzzer_Melody.dir/C_/Users/yoshi/.pico-sdk/sdk/2.0.0/src/rp2_common/pico_bootrom/bootrom.c.obj
                0x10001df4                rom_data_lookup
 .text.rom_funcs_lookup
                0x10001e04       0x36 CMakeFiles/Passive_Buzzer_Melody.dir/C_/Users/yoshi/.pico-sdk/sdk/2.0.0/src/rp2_common/pico_bootrom/bootrom.c.obj
                0x10001e04                rom_funcs_lookup
 *fill*         0x10001e3a        0x2 
 .text.rom_reset_usb_boot
                0x10001e3c       0x18 CMakeFiles/Passive_Buzzer_Melody.dir/C_/Users/yoshi/.pico-sdk/sdk/2.0.0/src/rp2_common/pico_bootrom/bootrom.c.obj
                0x10001e3c                rom_reset_usb_boot
 .text.__wrap___aeabi_idiv
                0x10001e54       0x50 CMakeFiles/Passive_Buzzer_Melody.dir/C_/Users/yoshi/.pico-sdk/sdk/2.0.0/src/rp2_common/pico_divider/divider_hardware.S.obj
                0x10001e54                __wrap___aeabi_idivmod
                0x10001e54                divmod_s32s32
                0x10001e54                div_s32s32
                0x10001e54                __wrap___aeabi_idiv
                0x10001e5c                divmod_s32s32_unsafe
                0x10001e88                divmod_s32s32_savestate
 .text.__wrap___aeabi_uidiv
                0x10001ea4       0x4c CMakeFiles/Passive_Buzzer_Melody.dir/C_/Users/yoshi/.pico-sdk/sdk/2.0.0/src/rp2_common/pico_divider/divider_hardware.S.obj
                0x10001ea4                __wrap___aeabi_uidiv
                0x10001ea4                __wrap___aeabi_uidivmod
                0x10001ea4                div_u32u32
                0x10001ea4                divmod_u32u32
                0x10001eac                divmod_u32u32_unsafe
                0x10001ed4                divmod_u32u32_savestate
 .text.__wrap___aeabi_ldiv
                0x10001ef0      0x424 CMakeFiles/Passive_Buzzer_Melody.dir/C_/Users/yoshi/.pico-sdk/sdk/2.0.0/src/rp2_common/pico_divider/divider_hardware.S.obj
                0x10001ef0                div_s64s64
                0x10001ef0                divmod_s64s64
                0x10001ef0                __wrap___aeabi_ldivmod
                0x10001f20                divmod_u64u64
                0x10001f20                div_u64u64
                0x10001f20                __wrap___aeabi_uldivmod
                0x10001f30                divmod_u64u64_savestate
                0x10001f50                divmod_s64s64_unsafe
                0x10001fd8                divmod_u64u64_unsafe
 .text.__wrap___aeabi_darithmetic
                0x10002314       0x60 CMakeFiles/Passive_Buzzer_Melody.dir/C_/Users/yoshi/.pico-sdk/sdk/2.0.0/src/rp2_common/pico_double/double_aeabi_rp2040.S.obj
                0x10002314                __wrap___aeabi_drsub
                0x1000231a                __wrap___aeabi_dsub
                0x10002324                __wrap___aeabi_dadd
                0x1000232e                __wrap___aeabi_ddiv
                0x10002362                __wrap___aeabi_dmul
 .text.__wrap___aeabi_cdcmple
                0x10002374       0x6c CMakeFiles/Passive_Buzzer_Melody.dir/C_/Users/yoshi/.pico-sdk/sdk/2.0.0/src/rp2_common/pico_double/double_aeabi_rp2040.S.obj
                0x10002374                __wrap___aeabi_cdrcmple
                0x10002384                __wrap___aeabi_cdcmpeq
                0x10002384                __wrap___aeabi_cdcmple
 .text.__wrap___aeabi_dcmplt
                0x100023e0        0xc CMakeFiles/Passive_Buzzer_Melody.dir/C_/Users/yoshi/.pico-sdk/sdk/2.0.0/src/rp2_common/pico_double/double_aeabi_rp2040.S.obj
                0x100023e0                __wrap___aeabi_dcmplt
 .text.__wrap___aeabi_dcmple
                0x100023ec       0x10 CMakeFiles/Passive_Buzzer_Melody.dir/C_/Users/yoshi/.pico-sdk/sdk/2.0.0/src/rp2_common/pico_double/double_aeabi_rp2040.S.obj
                0x100023ec                __wrap___aeabi_dcmple
 .text.__wrap___aeabi_dcmpge
                0x100023fc       0x10 CMakeFiles/Passive_Buzzer_Melody.dir/C_/Users/yoshi/.pico-sdk/sdk/2.0.0/src/rp2_common/pico_double/double_aeabi_rp2040.S.obj
                0x100023fc                __wrap___aeabi_dcmpge
 .text.__wrap___aeabi_dcmpgt
                0x1000240c        0xa CMakeFiles/Passive_Buzzer_Melody.dir/C_/Users/yoshi/.pico-sdk/sdk/2.0.0/src/rp2_common/pico_double/double_aeabi_rp2040.S.obj
                0x1000240c                __wrap___aeabi_dcmpgt
 .text.__wrap___aeabi_dcmpun
                0x10002416       0x18 CMakeFiles/Passive_Buzzer_Melody.dir/C_/Users/yoshi/.pico-sdk/sdk/2.0.0/src/rp2_common/pico_double/double_aeabi_rp2040.S.obj
                0x10002416                __wrap___aeabi_dcmpun
 *fill*         0x1000242e        0x2 
 .text.__wrap___aeabi_i2d
                0x10002430       0x38 CMakeFiles/Passive_Buzzer_Melody.dir/C_/Users/yoshi/.pico-sdk/sdk/2.0.0/src/rp2_common/pico_double/double_aeabi_rp2040.S.obj
                0x10002430                __wrap___aeabi_ui2d
                0x10002438                __wrap___aeabi_i2d
 .text.__wrap___aeabi_d2iz
                0x10002468       0x48 CMakeFiles/Passive_Buzzer_Melody.dir/C_/Users/yoshi/.pico-sdk/sdk/2.0.0/src/rp2_common/pico_double/double_aeabi_rp2040.S.obj
                0x10002468                double2int_z
                0x10002468                __wrap___aeabi_d2iz
 .text.__wrap___aeabi_d2uiz
                0x100024b0       0x10 CMakeFiles/Passive_Buzzer_Melody.dir/C_/Users/yoshi/.pico-sdk/sdk/2.0.0/src/rp2_common/pico_double/double_aeabi_rp2040.S.obj
                0x100024b0                __wrap___aeabi_d2uiz
                0x100024b0                double2uint
 .text.missing_double_func_shim
                0x100024c0        0xc CMakeFiles/Passive_Buzzer_Melody.dir/C_/Users/yoshi/.pico-sdk/sdk/2.0.0/src/rp2_common/pico_double/double_init_rom_rp2040.c.obj
 .text.__aeabi_double_init
                0x100024cc       0xd0 CMakeFiles/Passive_Buzzer_Melody.dir/C_/Users/yoshi/.pico-sdk/sdk/2.0.0/src/rp2_common/pico_double/double_init_rom_rp2040.c.obj
                0x100024cc                __aeabi_double_init
 .text.double_table_shim_on_use_helper
                0x1000259c       0x34 CMakeFiles/Passive_Buzzer_Melody.dir/C_/Users/yoshi/.pico-sdk/sdk/2.0.0/src/rp2_common/pico_double/double_v1_rom_shim_rp2040.S.obj
                0x1000259c                double_table_shim_on_use_helper
 .text.__aeabi_lmul
                0x100025d0       0x32 CMakeFiles/Passive_Buzzer_Melody.dir/C_/Users/yoshi/.pico-sdk/sdk/2.0.0/src/rp2_common/pico_int64_ops/pico_int64_ops_aeabi.S.obj
                0x100025d0                __wrap___aeabi_lmul
 *fill*         0x10002602        0x2 
 .text.__wrap___aeabi_farithmetic
                0x10002604       0x48 CMakeFiles/Passive_Buzzer_Melody.dir/C_/Users/yoshi/.pico-sdk/sdk/2.0.0/src/rp2_common/pico_float/float_aeabi_rp2040.S.obj
                0x10002604                __wrap___aeabi_frsub
                0x1000260a                __wrap___aeabi_fsub
                0x10002610                __wrap___aeabi_fadd
                0x10002616                __wrap___aeabi_fdiv
                0x1000263e                __wrap___aeabi_fmul
 .text.__wrap___aeabi_ui2f
                0x1000264c        0xa CMakeFiles/Passive_Buzzer_Melody.dir/C_/Users/yoshi/.pico-sdk/sdk/2.0.0/src/rp2_common/pico_float/float_aeabi_rp2040.S.obj
                0x1000264c                __wrap___aeabi_ui2f
                0x1000264c                uint2float
 *fill*         0x10002656        0x2 
 .text.__wrap___aeabi_i2f
                0x10002658       0x44 CMakeFiles/Passive_Buzzer_Melody.dir/C_/Users/yoshi/.pico-sdk/sdk/2.0.0/src/rp2_common/pico_float/float_aeabi_rp2040.S.obj
                0x10002658                __wrap___aeabi_i2f
                0x10002658                int2float
 .text.__wrap___aeabi_f2iz
                0x1000269c       0x4e CMakeFiles/Passive_Buzzer_Melody.dir/C_/Users/yoshi/.pico-sdk/sdk/2.0.0/src/rp2_common/pico_float/float_aeabi_rp2040.S.obj
                0x1000269c                float2int_z
                0x1000269c                __wrap___aeabi_f2iz
 *fill*         0x100026ea        0x2 
 .text.float2int
                0x100026ec        0xc CMakeFiles/Passive_Buzzer_Melody.dir/C_/Users/yoshi/.pico-sdk/sdk/2.0.0/src/rp2_common/pico_float/float_aeabi_rp2040.S.obj
                0x100026ec                float2int
 .text.__wrap___aeabi_f2uiz
                0x100026f8        0xc CMakeFiles/Passive_Buzzer_Melody.dir/C_/Users/yoshi/.pico-sdk/sdk/2.0.0/src/rp2_common/pico_float/float_aeabi_rp2040.S.obj
                0x100026f8                __wrap___aeabi_f2uiz
                0x100026f8                float2uint_z
 .text.__wrap___aeabi_f2d
                0x10002704        0xc CMakeFiles/Passive_Buzzer_Melody.dir/C_/Users/yoshi/.pico-sdk/sdk/2.0.0/src/rp2_common/pico_float/float_aeabi_rp2040.S.obj
                0x10002704                __wrap___aeabi_f2d
 .text.missing_float_func_shim
                0x10002710        0xc CMakeFiles/Passive_Buzzer_Melody.dir/C_/Users/yoshi/.pico-sdk/sdk/2.0.0/src/rp2_common/pico_float/float_init_rom_rp2040.c.obj
 .text.__aeabi_float_init
                0x1000271c       0x88 CMakeFiles/Passive_Buzzer_Melody.dir/C_/Users/yoshi/.pico-sdk/sdk/2.0.0/src/rp2_common/pico_float/float_init_rom_rp2040.c.obj
                0x1000271c                __aeabi_float_init
 .text          0x100027a4       0x10 CMakeFiles/Passive_Buzzer_Melody.dir/C_/Users/yoshi/.pico-sdk/sdk/2.0.0/src/rp2_common/pico_mem_ops/mem_ops_aeabi.S.obj
                0x100027a4                __aeabi_mem_init
 .text.memset   0x100027b4        0xc CMakeFiles/Passive_Buzzer_Melody.dir/C_/Users/yoshi/.pico-sdk/sdk/2.0.0/src/rp2_common/pico_mem_ops/mem_ops_aeabi.S.obj
                0x100027b4                __wrap_memset
 .text.memcpy   0x100027c0        0xc CMakeFiles/Passive_Buzzer_Melody.dir/C_/Users/yoshi/.pico-sdk/sdk/2.0.0/src/rp2_common/pico_mem_ops/mem_ops_aeabi.S.obj
                0x100027c0                __wrap_memcpy
                0x100027c0                __wrap___aeabi_memcpy
 .text._out_null
                0x100027cc        0x2 CMakeFiles/Passive_Buzzer_Melody.dir/C_/Users/yoshi/.pico-sdk/sdk/2.0.0/src/rp2_common/pico_printf/printf.c.obj
 .text._out_fct
                0x100027ce        0xe CMakeFiles/Passive_Buzzer_Melody.dir/C_/Users/yoshi/.pico-sdk/sdk/2.0.0/src/rp2_common/pico_printf/printf.c.obj
 .text._atoi    0x100027dc       0x24 CMakeFiles/Passive_Buzzer_Melody.dir/C_/Users/yoshi/.pico-sdk/sdk/2.0.0/src/rp2_common/pico_printf/printf.c.obj
 .text._out_rev
                0x10002800       0xae CMakeFiles/Passive_Buzzer_Melody.dir/C_/Users/yoshi/.pico-sdk/sdk/2.0.0/src/rp2_common/pico_printf/printf.c.obj
 .text._ntoa_format
                0x100028ae      0x110 CMakeFiles/Passive_Buzzer_Melody.dir/C_/Users/yoshi/.pico-sdk/sdk/2.0.0/src/rp2_common/pico_printf/printf.c.obj
 .text._ntoa_long
                0x100029be       0xbc CMakeFiles/Passive_Buzzer_Melody.dir/C_/Users/yoshi/.pico-sdk/sdk/2.0.0/src/rp2_common/pico_printf/printf.c.obj
 .text._ntoa_long_long
                0x10002a7a      0x10e CMakeFiles/Passive_Buzzer_Melody.dir/C_/Users/yoshi/.pico-sdk/sdk/2.0.0/src/rp2_common/pico_printf/printf.c.obj
 .text._etoa    0x10002b88      0x420 CMakeFiles/Passive_Buzzer_Melody.dir/C_/Users/yoshi/.pico-sdk/sdk/2.0.0/src/rp2_common/pico_printf/printf.c.obj
 .text._ftoa    0x10002fa8      0x354 CMakeFiles/Passive_Buzzer_Melody.dir/C_/Users/yoshi/.pico-sdk/sdk/2.0.0/src/rp2_common/pico_printf/printf.c.obj
 .text._vsnprintf
                0x100032fc      0x668 CMakeFiles/Passive_Buzzer_Melody.dir/C_/Users/yoshi/.pico-sdk/sdk/2.0.0/src/rp2_common/pico_printf/printf.c.obj
 .text.vfctprintf
                0x10003964       0x20 CMakeFiles/Passive_Buzzer_Melody.dir/C_/Users/yoshi/.pico-sdk/sdk/2.0.0/src/rp2_common/pico_printf/printf.c.obj
                0x10003964                vfctprintf
 .text._exit    0x10003984        0x4 CMakeFiles/Passive_Buzzer_Melody.dir/C_/Users/yoshi/.pico-sdk/sdk/2.0.0/src/rp2_common/pico_clib_interface/newlib_interface.c.obj
                0x10003984                _exit
 .text.exit     0x10003988        0x6 CMakeFiles/Passive_Buzzer_Melody.dir/C_/Users/yoshi/.pico-sdk/sdk/2.0.0/src/rp2_common/pico_clib_interface/newlib_interface.c.obj
                0x10003988                exit
 *fill*         0x1000398e        0x2 
 .text.__assert_func
                0x10003990       0x38 CMakeFiles/Passive_Buzzer_Melody.dir/C_/Users/yoshi/.pico-sdk/sdk/2.0.0/src/rp2_common/pico_clib_interface/newlib_interface.c.obj
                0x10003990                __assert_func
 .text.runtime_init
                0x100039c8       0x28 CMakeFiles/Passive_Buzzer_Melody.dir/C_/Users/yoshi/.pico-sdk/sdk/2.0.0/src/rp2_common/pico_clib_interface/newlib_interface.c.obj
                0x100039c8                runtime_init
 .text.stdio_out_chars_no_crlf
                0x100039f0        0xe CMakeFiles/Passive_Buzzer_Melody.dir/C_/Users/yoshi/.pico-sdk/sdk/2.0.0/src/rp2_common/pico_stdio/stdio.c.obj
 *fill*         0x100039fe        0x2 
 .text.stdio_out_chars_crlf
                0x10003a00       0x80 CMakeFiles/Passive_Buzzer_Melody.dir/C_/Users/yoshi/.pico-sdk/sdk/2.0.0/src/rp2_common/pico_stdio/stdio.c.obj
 .text.stdio_stack_buffer_flush
                0x10003a80       0x44 CMakeFiles/Passive_Buzzer_Melody.dir/C_/Users/yoshi/.pico-sdk/sdk/2.0.0/src/rp2_common/pico_stdio/stdio.c.obj
 .text.stdio_buffered_printer
                0x10003ac4       0x20 CMakeFiles/Passive_Buzzer_Melody.dir/C_/Users/yoshi/.pico-sdk/sdk/2.0.0/src/rp2_common/pico_stdio/stdio.c.obj
 .text.stdout_serialize_begin
                0x10003ae4       0x30 CMakeFiles/Passive_Buzzer_Melody.dir/C_/Users/yoshi/.pico-sdk/sdk/2.0.0/src/rp2_common/pico_stdio/stdio.c.obj
                0x10003ae4                stdout_serialize_begin
 .text.stdout_serialize_end
                0x10003b14       0x10 CMakeFiles/Passive_Buzzer_Melody.dir/C_/Users/yoshi/.pico-sdk/sdk/2.0.0/src/rp2_common/pico_stdio/stdio.c.obj
                0x10003b14                stdout_serialize_end
 .text.stdio_put_string
                0x10003b24       0x94 CMakeFiles/Passive_Buzzer_Melody.dir/C_/Users/yoshi/.pico-sdk/sdk/2.0.0/src/rp2_common/pico_stdio/stdio.c.obj
                0x10003b24                stdio_put_string
 .text.stdio_set_driver_enabled
                0x10003bb8       0x2c CMakeFiles/Passive_Buzzer_Melody.dir/C_/Users/yoshi/.pico-sdk/sdk/2.0.0/src/rp2_common/pico_stdio/stdio.c.obj
                0x10003bb8                stdio_set_driver_enabled
 .text.stdio_flush
                0x10003be4       0x20 CMakeFiles/Passive_Buzzer_Melody.dir/C_/Users/yoshi/.pico-sdk/sdk/2.0.0/src/rp2_common/pico_stdio/stdio.c.obj
                0x10003be4                stdio_flush
 .text.stdio_init_all
                0x10003c04        0x8 CMakeFiles/Passive_Buzzer_Melody.dir/C_/Users/yoshi/.pico-sdk/sdk/2.0.0/src/rp2_common/pico_stdio/stdio.c.obj
                0x10003c04                stdio_init_all
 .text.__wrap_puts
                0x10003c0c       0x1e CMakeFiles/Passive_Buzzer_Melody.dir/C_/Users/yoshi/.pico-sdk/sdk/2.0.0/src/rp2_common/pico_stdio/stdio.c.obj
                0x10003c0c                stdio_puts
                0x10003c0c                __wrap_puts
 *fill*         0x10003c2a        0x2 
 .text.__wrap_vprintf
                0x10003c2c       0x40 CMakeFiles/Passive_Buzzer_Melody.dir/C_/Users/yoshi/.pico-sdk/sdk/2.0.0/src/rp2_common/pico_stdio/stdio.c.obj
                0x10003c2c                stdio_vprintf
                0x10003c2c                __wrap_vprintf
 .text.__wrap_printf
                0x10003c6c       0x18 CMakeFiles/Passive_Buzzer_Melody.dir/C_/Users/yoshi/.pico-sdk/sdk/2.0.0/src/rp2_common/pico_stdio/stdio.c.obj
                0x10003c6c                __wrap_printf
                0x10003c6c                stdio_printf
 .text.resetd_init
                0x10003c84        0x2 CMakeFiles/Passive_Buzzer_Melody.dir/C_/Users/yoshi/.pico-sdk/sdk/2.0.0/src/rp2_common/pico_stdio_usb/reset_interface.c.obj
 *fill*         0x10003c86        0x2 
 .text.resetd_reset
                0x10003c88        0xc CMakeFiles/Passive_Buzzer_Melody.dir/C_/Users/yoshi/.pico-sdk/sdk/2.0.0/src/rp2_common/pico_stdio_usb/reset_interface.c.obj
 .text.resetd_open
                0x10003c94       0x34 CMakeFiles/Passive_Buzzer_Melody.dir/C_/Users/yoshi/.pico-sdk/sdk/2.0.0/src/rp2_common/pico_stdio_usb/reset_interface.c.obj
 .text.resetd_xfer_cb
                0x10003cc8        0x4 CMakeFiles/Passive_Buzzer_Melody.dir/C_/Users/yoshi/.pico-sdk/sdk/2.0.0/src/rp2_common/pico_stdio_usb/reset_interface.c.obj
 .text.resetd_control_xfer_cb
                0x10003ccc       0x5c CMakeFiles/Passive_Buzzer_Melody.dir/C_/Users/yoshi/.pico-sdk/sdk/2.0.0/src/rp2_common/pico_stdio_usb/reset_interface.c.obj
 .text.tud_descriptor_bos_cb
                0x10003d28        0x8 CMakeFiles/Passive_Buzzer_Melody.dir/C_/Users/yoshi/.pico-sdk/sdk/2.0.0/src/rp2_common/pico_stdio_usb/reset_interface.c.obj
                0x10003d28                tud_descriptor_bos_cb
 .text.tud_vendor_control_xfer_cb
                0x10003d30       0x38 CMakeFiles/Passive_Buzzer_Melody.dir/C_/Users/yoshi/.pico-sdk/sdk/2.0.0/src/rp2_common/pico_stdio_usb/reset_interface.c.obj
                0x10003d30                tud_vendor_control_xfer_cb
 .text.usbd_app_driver_get_cb
                0x10003d68        0xc CMakeFiles/Passive_Buzzer_Melody.dir/C_/Users/yoshi/.pico-sdk/sdk/2.0.0/src/rp2_common/pico_stdio_usb/reset_interface.c.obj
                0x10003d68                usbd_app_driver_get_cb
 .text.tud_cdc_line_coding_cb
                0x10003d74       0x28 CMakeFiles/Passive_Buzzer_Melody.dir/C_/Users/yoshi/.pico-sdk/sdk/2.0.0/src/rp2_common/pico_stdio_usb/reset_interface.c.obj
                0x10003d74                tud_cdc_line_coding_cb
 .text.stdio_usb_set_chars_available_callback
                0x10003d9c       0x14 CMakeFiles/Passive_Buzzer_Melody.dir/C_/Users/yoshi/.pico-sdk/sdk/2.0.0/src/rp2_common/pico_stdio_usb/stdio_usb.c.obj
                0x10003d9c                stdio_usb_set_chars_available_callback
 .text.stdio_usb_out_flush
                0x10003db0       0x4c CMakeFiles/Passive_Buzzer_Melody.dir/C_/Users/yoshi/.pico-sdk/sdk/2.0.0/src/rp2_common/pico_stdio_usb/stdio_usb.c.obj
 .text.usb_irq  0x10003dfc       0x10 CMakeFiles/Passive_Buzzer_Melody.dir/C_/Users/yoshi/.pico-sdk/sdk/2.0.0/src/rp2_common/pico_stdio_usb/stdio_usb.c.obj
 .text.critical_section_enter_blocking
                0x10003e0c       0x16 CMakeFiles/Passive_Buzzer_Melody.dir/C_/Users/yoshi/.pico-sdk/sdk/2.0.0/src/rp2_common/pico_stdio_usb/stdio_usb.c.obj
 *fill*         0x10003e22        0x2 
 .text.timer_task
                0x10003e24       0x60 CMakeFiles/Passive_Buzzer_Melody.dir/C_/Users/yoshi/.pico-sdk/sdk/2.0.0/src/rp2_common/pico_stdio_usb/stdio_usb.c.obj
 .text.alarm_pool_add_alarm_in_us
                0x10003e84       0x40 CMakeFiles/Passive_Buzzer_Melody.dir/C_/Users/yoshi/.pico-sdk/sdk/2.0.0/src/rp2_common/pico_stdio_usb/stdio_usb.c.obj
 .text.add_alarm_in_us
                0x10003ec4       0x2e CMakeFiles/Passive_Buzzer_Melody.dir/C_/Users/yoshi/.pico-sdk/sdk/2.0.0/src/rp2_common/pico_stdio_usb/stdio_usb.c.obj
 *fill*         0x10003ef2        0x2 
 .text.low_priority_worker_irq
                0x10003ef4       0xa0 CMakeFiles/Passive_Buzzer_Melody.dir/C_/Users/yoshi/.pico-sdk/sdk/2.0.0/src/rp2_common/pico_stdio_usb/stdio_usb.c.obj
 .text.stdio_usb_init
                0x10003f94       0xdc CMakeFiles/Passive_Buzzer_Melody.dir/C_/Users/yoshi/.pico-sdk/sdk/2.0.0/src/rp2_common/pico_stdio_usb/stdio_usb.c.obj
                0x10003f94                stdio_usb_init
 .text.stdio_usb_connected
                0x10004070        0xa CMakeFiles/Passive_Buzzer_Melody.dir/C_/Users/yoshi/.pico-sdk/sdk/2.0.0/src/rp2_common/pico_stdio_usb/stdio_usb.c.obj
                0x10004070                stdio_usb_connected
 *fill*         0x1000407a        0x2 
 .text.stdio_usb_in_chars
                0x1000407c       0x98 CMakeFiles/Passive_Buzzer_Melody.dir/C_/Users/yoshi/.pico-sdk/sdk/2.0.0/src/rp2_common/pico_stdio_usb/stdio_usb.c.obj
                0x1000407c                stdio_usb_in_chars
 .text.stdio_usb_out_chars
                0x10004114       0xe8 CMakeFiles/Passive_Buzzer_Melody.dir/C_/Users/yoshi/.pico-sdk/sdk/2.0.0/src/rp2_common/pico_stdio_usb/stdio_usb.c.obj
 .text.tud_descriptor_device_cb
                0x100041fc        0x8 CMakeFiles/Passive_Buzzer_Melody.dir/C_/Users/yoshi/.pico-sdk/sdk/2.0.0/src/rp2_common/pico_stdio_usb/stdio_usb_descriptors.c.obj
                0x100041fc                tud_descriptor_device_cb
 .text.tud_descriptor_configuration_cb
                0x10004204        0x8 CMakeFiles/Passive_Buzzer_Melody.dir/C_/Users/yoshi/.pico-sdk/sdk/2.0.0/src/rp2_common/pico_stdio_usb/stdio_usb_descriptors.c.obj
                0x10004204                tud_descriptor_configuration_cb
 .text.tud_descriptor_string_cb
                0x1000420c       0x6c CMakeFiles/Passive_Buzzer_Melody.dir/C_/Users/yoshi/.pico-sdk/sdk/2.0.0/src/rp2_common/pico_stdio_usb/stdio_usb_descriptors.c.obj
                0x1000420c                tud_descriptor_string_cb
 .text._retrieve_unique_id_on_boot
                0x10004278       0x10 CMakeFiles/Passive_Buzzer_Melody.dir/C_/Users/yoshi/.pico-sdk/sdk/2.0.0/src/rp2_common/pico_unique_id/unique_id.c.obj
 .text.pico_get_unique_board_id_string
                0x10004288       0x5c CMakeFiles/Passive_Buzzer_Melody.dir/C_/Users/yoshi/.pico-sdk/sdk/2.0.0/src/rp2_common/pico_unique_id/unique_id.c.obj
                0x10004288                pico_get_unique_board_id_string
 .text.flash_get_unique_id
                0x100042e4       0x40 CMakeFiles/Passive_Buzzer_Melody.dir/C_/Users/yoshi/.pico-sdk/sdk/2.0.0/src/rp2_common/hardware_flash/flash.c.obj
                0x100042e4                flash_get_unique_id
 .text._hw_endpoint_alloc
                0x10004324       0x70 CMakeFiles/Passive_Buzzer_Melody.dir/C_/Users/yoshi/.pico-sdk/sdk/2.0.0/lib/tinyusb/src/portable/raspberrypi/rp2040/dcd_rp2040.c.obj
 .text.hw_endpoint_init
                0x10004394       0xbc CMakeFiles/Passive_Buzzer_Melody.dir/C_/Users/yoshi/.pico-sdk/sdk/2.0.0/lib/tinyusb/src/portable/raspberrypi/rp2040/dcd_rp2040.c.obj
 .text.hw_endpoint_xfer
                0x10004450       0x20 CMakeFiles/Passive_Buzzer_Melody.dir/C_/Users/yoshi/.pico-sdk/sdk/2.0.0/lib/tinyusb/src/portable/raspberrypi/rp2040/dcd_rp2040.c.obj
 .text.dcd_int_enable
                0x10004470       0x2c CMakeFiles/Passive_Buzzer_Melody.dir/C_/Users/yoshi/.pico-sdk/sdk/2.0.0/lib/tinyusb/src/portable/raspberrypi/rp2040/dcd_rp2040.c.obj
                0x10004470                dcd_int_enable
 .text.dcd_set_address
                0x1000449c       0x2c CMakeFiles/Passive_Buzzer_Melody.dir/C_/Users/yoshi/.pico-sdk/sdk/2.0.0/lib/tinyusb/src/portable/raspberrypi/rp2040/dcd_rp2040.c.obj
                0x1000449c                dcd_set_address
 .text.dcd_connect
                0x100044c8       0x10 CMakeFiles/Passive_Buzzer_Melody.dir/C_/Users/yoshi/.pico-sdk/sdk/2.0.0/lib/tinyusb/src/portable/raspberrypi/rp2040/dcd_rp2040.c.obj
                0x100044c8                dcd_connect
 .text.dcd_init
                0x100044d8       0x80 CMakeFiles/Passive_Buzzer_Melody.dir/C_/Users/yoshi/.pico-sdk/sdk/2.0.0/lib/tinyusb/src/portable/raspberrypi/rp2040/dcd_rp2040.c.obj
                0x100044d8                dcd_init
 .text.dcd_sof_enable
                0x10004558       0x1c CMakeFiles/Passive_Buzzer_Melody.dir/C_/Users/yoshi/.pico-sdk/sdk/2.0.0/lib/tinyusb/src/portable/raspberrypi/rp2040/dcd_rp2040.c.obj
                0x10004558                dcd_sof_enable
 .text.dcd_edpt0_status_complete
                0x10004574       0x1c CMakeFiles/Passive_Buzzer_Melody.dir/C_/Users/yoshi/.pico-sdk/sdk/2.0.0/lib/tinyusb/src/portable/raspberrypi/rp2040/dcd_rp2040.c.obj
                0x10004574                dcd_edpt0_status_complete
 .text.dcd_edpt_open
                0x10004590       0x40 CMakeFiles/Passive_Buzzer_Melody.dir/C_/Users/yoshi/.pico-sdk/sdk/2.0.0/lib/tinyusb/src/portable/raspberrypi/rp2040/dcd_rp2040.c.obj
                0x10004590                dcd_edpt_open
 .text.dcd_edpt_close_all
                0x100045d0        0x8 CMakeFiles/Passive_Buzzer_Melody.dir/C_/Users/yoshi/.pico-sdk/sdk/2.0.0/lib/tinyusb/src/portable/raspberrypi/rp2040/dcd_rp2040.c.obj
                0x100045d0                dcd_edpt_close_all
 .text.dcd_edpt_xfer
                0x100045d8       0x30 CMakeFiles/Passive_Buzzer_Melody.dir/C_/Users/yoshi/.pico-sdk/sdk/2.0.0/lib/tinyusb/src/portable/raspberrypi/rp2040/dcd_rp2040.c.obj
                0x100045d8                dcd_edpt_xfer
 .text.dcd_edpt_stall
                0x10004608       0x3c CMakeFiles/Passive_Buzzer_Melody.dir/C_/Users/yoshi/.pico-sdk/sdk/2.0.0/lib/tinyusb/src/portable/raspberrypi/rp2040/dcd_rp2040.c.obj
                0x10004608                dcd_edpt_stall
 .text.dcd_edpt_clear_stall
                0x10004644       0x30 CMakeFiles/Passive_Buzzer_Melody.dir/C_/Users/yoshi/.pico-sdk/sdk/2.0.0/lib/tinyusb/src/portable/raspberrypi/rp2040/dcd_rp2040.c.obj
                0x10004644                dcd_edpt_clear_stall
 .text.unaligned_memcpy
                0x10004674       0x14 CMakeFiles/Passive_Buzzer_Melody.dir/C_/Users/yoshi/.pico-sdk/sdk/2.0.0/lib/tinyusb/src/portable/raspberrypi/rp2040/rp2040_usb.c.obj
 .text.rp2040_usb_init
                0x10004688       0x44 CMakeFiles/Passive_Buzzer_Melody.dir/C_/Users/yoshi/.pico-sdk/sdk/2.0.0/lib/tinyusb/src/portable/raspberrypi/rp2040/rp2040_usb.c.obj
                0x10004688                rp2040_usb_init
 .text.hw_endpoint_xfer_start
                0x100046cc       0x60 CMakeFiles/Passive_Buzzer_Melody.dir/C_/Users/yoshi/.pico-sdk/sdk/2.0.0/lib/tinyusb/src/portable/raspberrypi/rp2040/rp2040_usb.c.obj
                0x100046cc                hw_endpoint_xfer_start
 .text.configuration_reset
                0x1000472c       0x84 CMakeFiles/Passive_Buzzer_Melody.dir/C_/Users/yoshi/.pico-sdk/sdk/2.0.0/lib/tinyusb/src/device/usbd.c.obj
 .text.critical_section_enter_blocking
                0x100047b0       0x16 CMakeFiles/Passive_Buzzer_Melody.dir/C_/Users/yoshi/.pico-sdk/sdk/2.0.0/lib/tinyusb/src/device/usbd.c.obj
 .text.usbd_reset
                0x100047c6        0xc CMakeFiles/Passive_Buzzer_Melody.dir/C_/Users/yoshi/.pico-sdk/sdk/2.0.0/lib/tinyusb/src/device/usbd.c.obj
 .text.invoke_class_control
                0x100047d2       0x1a CMakeFiles/Passive_Buzzer_Melody.dir/C_/Users/yoshi/.pico-sdk/sdk/2.0.0/lib/tinyusb/src/device/usbd.c.obj
 .text.process_set_config
                0x100047ec      0x1b0 CMakeFiles/Passive_Buzzer_Melody.dir/C_/Users/yoshi/.pico-sdk/sdk/2.0.0/lib/tinyusb/src/device/usbd.c.obj
 .text.tud_event_hook_cb
                0x1000499c        0x2 CMakeFiles/Passive_Buzzer_Melody.dir/C_/Users/yoshi/.pico-sdk/sdk/2.0.0/lib/tinyusb/src/device/usbd.c.obj
                0x1000499c                tud_event_hook_cb
 .text.tud_sof_cb
                0x1000499e        0x2 CMakeFiles/Passive_Buzzer_Melody.dir/C_/Users/yoshi/.pico-sdk/sdk/2.0.0/lib/tinyusb/src/device/usbd.c.obj
                0x1000499e                tud_sof_cb
 .text.tud_descriptor_device_qualifier_cb
                0x100049a0        0x4 CMakeFiles/Passive_Buzzer_Melody.dir/C_/Users/yoshi/.pico-sdk/sdk/2.0.0/lib/tinyusb/src/device/usbd.c.obj
                0x100049a0                tud_descriptor_device_qualifier_cb
 .text.tud_descriptor_other_speed_configuration_cb
                0x100049a4        0x4 CMakeFiles/Passive_Buzzer_Melody.dir/C_/Users/yoshi/.pico-sdk/sdk/2.0.0/lib/tinyusb/src/device/usbd.c.obj
                0x100049a4                tud_descriptor_other_speed_configuration_cb
 .text.process_get_descriptor
                0x100049a8       0xe0 CMakeFiles/Passive_Buzzer_Melody.dir/C_/Users/yoshi/.pico-sdk/sdk/2.0.0/lib/tinyusb/src/device/usbd.c.obj
 .text.tud_mount_cb
                0x10004a88        0x2 CMakeFiles/Passive_Buzzer_Melody.dir/C_/Users/yoshi/.pico-sdk/sdk/2.0.0/lib/tinyusb/src/device/usbd.c.obj
                0x10004a88                tud_mount_cb
 .text.tud_umount_cb
                0x10004a8a        0x2 CMakeFiles/Passive_Buzzer_Melody.dir/C_/Users/yoshi/.pico-sdk/sdk/2.0.0/lib/tinyusb/src/device/usbd.c.obj
                0x10004a8a                tud_umount_cb
 .text.tud_suspend_cb
                0x10004a8c        0x2 CMakeFiles/Passive_Buzzer_Melody.dir/C_/Users/yoshi/.pico-sdk/sdk/2.0.0/lib/tinyusb/src/device/usbd.c.obj
                0x10004a8c                tud_suspend_cb
 .text.tud_resume_cb
                0x10004a8e        0x2 CMakeFiles/Passive_Buzzer_Melody.dir/C_/Users/yoshi/.pico-sdk/sdk/2.0.0/lib/tinyusb/src/device/usbd.c.obj
                0x10004a8e                tud_resume_cb
 .text.tud_mounted
                0x10004a90       0x10 CMakeFiles/Passive_Buzzer_Melody.dir/C_/Users/yoshi/.pico-sdk/sdk/2.0.0/lib/tinyusb/src/device/usbd.c.obj
                0x10004a90                tud_mounted
 .text.tud_suspended
                0x10004aa0       0x10 CMakeFiles/Passive_Buzzer_Melody.dir/C_/Users/yoshi/.pico-sdk/sdk/2.0.0/lib/tinyusb/src/device/usbd.c.obj
                0x10004aa0                tud_suspended
 .text.tud_inited
                0x10004ab0       0x14 CMakeFiles/Passive_Buzzer_Melody.dir/C_/Users/yoshi/.pico-sdk/sdk/2.0.0/lib/tinyusb/src/device/usbd.c.obj
                0x10004ab0                tud_inited
 .text.tud_init
                0x10004ac4       0xdc CMakeFiles/Passive_Buzzer_Melody.dir/C_/Users/yoshi/.pico-sdk/sdk/2.0.0/lib/tinyusb/src/device/usbd.c.obj
                0x10004ac4                tud_init
 .text.usbd_edpt_open
                0x10004ba0       0x60 CMakeFiles/Passive_Buzzer_Melody.dir/C_/Users/yoshi/.pico-sdk/sdk/2.0.0/lib/tinyusb/src/device/usbd.c.obj
                0x10004ba0                usbd_edpt_open
 .text.usbd_open_edpt_pair
                0x10004c00       0x8c CMakeFiles/Passive_Buzzer_Melody.dir/C_/Users/yoshi/.pico-sdk/sdk/2.0.0/lib/tinyusb/src/device/usbd.c.obj
                0x10004c00                usbd_open_edpt_pair
 .text.usbd_edpt_claim
                0x10004c8c       0x28 CMakeFiles/Passive_Buzzer_Melody.dir/C_/Users/yoshi/.pico-sdk/sdk/2.0.0/lib/tinyusb/src/device/usbd.c.obj
                0x10004c8c                usbd_edpt_claim
 .text.usbd_edpt_release
                0x10004cb4       0x28 CMakeFiles/Passive_Buzzer_Melody.dir/C_/Users/yoshi/.pico-sdk/sdk/2.0.0/lib/tinyusb/src/device/usbd.c.obj
                0x10004cb4                usbd_edpt_release
 .text.usbd_edpt_xfer
                0x10004cdc       0x88 CMakeFiles/Passive_Buzzer_Melody.dir/C_/Users/yoshi/.pico-sdk/sdk/2.0.0/lib/tinyusb/src/device/usbd.c.obj
                0x10004cdc                usbd_edpt_xfer
 .text.usbd_edpt_stall
                0x10004d64       0x34 CMakeFiles/Passive_Buzzer_Melody.dir/C_/Users/yoshi/.pico-sdk/sdk/2.0.0/lib/tinyusb/src/device/usbd.c.obj
                0x10004d64                usbd_edpt_stall
 .text.usbd_edpt_clear_stall
                0x10004d98       0x34 CMakeFiles/Passive_Buzzer_Melody.dir/C_/Users/yoshi/.pico-sdk/sdk/2.0.0/lib/tinyusb/src/device/usbd.c.obj
                0x10004d98                usbd_edpt_clear_stall
 .text.usbd_edpt_stalled
                0x10004dcc       0x1c CMakeFiles/Passive_Buzzer_Melody.dir/C_/Users/yoshi/.pico-sdk/sdk/2.0.0/lib/tinyusb/src/device/usbd.c.obj
                0x10004dcc                usbd_edpt_stalled
 .text.process_control_request
                0x10004de8      0x390 CMakeFiles/Passive_Buzzer_Melody.dir/C_/Users/yoshi/.pico-sdk/sdk/2.0.0/lib/tinyusb/src/device/usbd.c.obj
 .text.tud_task_ext
                0x10005178      0x1c8 CMakeFiles/Passive_Buzzer_Melody.dir/C_/Users/yoshi/.pico-sdk/sdk/2.0.0/lib/tinyusb/src/device/usbd.c.obj
                0x10005178                tud_task_ext
 .text._status_stage_xact
                0x10005340       0x1a CMakeFiles/Passive_Buzzer_Melody.dir/C_/Users/yoshi/.pico-sdk/sdk/2.0.0/lib/tinyusb/src/device/usbd_control.c.obj
 *fill*         0x1000535a        0x2 
 .text._data_stage_xact
                0x1000535c       0x60 CMakeFiles/Passive_Buzzer_Melody.dir/C_/Users/yoshi/.pico-sdk/sdk/2.0.0/lib/tinyusb/src/device/usbd_control.c.obj
 .text.tud_control_status
                0x100053bc       0x28 CMakeFiles/Passive_Buzzer_Melody.dir/C_/Users/yoshi/.pico-sdk/sdk/2.0.0/lib/tinyusb/src/device/usbd_control.c.obj
                0x100053bc                tud_control_status
 .text.tud_control_xfer
                0x100053e4       0x98 CMakeFiles/Passive_Buzzer_Melody.dir/C_/Users/yoshi/.pico-sdk/sdk/2.0.0/lib/tinyusb/src/device/usbd_control.c.obj
                0x100053e4                tud_control_xfer
 .text.usbd_control_reset
                0x1000547c       0x14 CMakeFiles/Passive_Buzzer_Melody.dir/C_/Users/yoshi/.pico-sdk/sdk/2.0.0/lib/tinyusb/src/device/usbd_control.c.obj
                0x1000547c                usbd_control_reset
 .text.usbd_control_set_complete_callback
                0x10005490        0xc CMakeFiles/Passive_Buzzer_Melody.dir/C_/Users/yoshi/.pico-sdk/sdk/2.0.0/lib/tinyusb/src/device/usbd_control.c.obj
                0x10005490                usbd_control_set_complete_callback
 .text.usbd_control_set_request
                0x1000549c       0x1c CMakeFiles/Passive_Buzzer_Melody.dir/C_/Users/yoshi/.pico-sdk/sdk/2.0.0/lib/tinyusb/src/device/usbd_control.c.obj
                0x1000549c                usbd_control_set_request
 .text.usbd_control_xfer_cb
                0x100054b8       0xe0 CMakeFiles/Passive_Buzzer_Melody.dir/C_/Users/yoshi/.pico-sdk/sdk/2.0.0/lib/tinyusb/src/device/usbd_control.c.obj
                0x100054b8                usbd_control_xfer_cb
 .text._prep_out_transaction
                0x10005598       0x72 CMakeFiles/Passive_Buzzer_Melody.dir/C_/Users/yoshi/.pico-sdk/sdk/2.0.0/lib/tinyusb/src/class/cdc/cdc_device.c.obj
 *fill*         0x1000560a        0x2 
 .text.tud_cdc_n_connected
                0x1000560c       0x38 CMakeFiles/Passive_Buzzer_Melody.dir/C_/Users/yoshi/.pico-sdk/sdk/2.0.0/lib/tinyusb/src/class/cdc/cdc_device.c.obj
                0x1000560c                tud_cdc_n_connected
 .text.tud_cdc_n_available
                0x10005644       0x18 CMakeFiles/Passive_Buzzer_Melody.dir/C_/Users/yoshi/.pico-sdk/sdk/2.0.0/lib/tinyusb/src/class/cdc/cdc_device.c.obj
                0x10005644                tud_cdc_n_available
 .text.tud_cdc_n_read
                0x1000565c       0x38 CMakeFiles/Passive_Buzzer_Melody.dir/C_/Users/yoshi/.pico-sdk/sdk/2.0.0/lib/tinyusb/src/class/cdc/cdc_device.c.obj
                0x1000565c                tud_cdc_n_read
 .text.tud_cdc_n_write_flush
                0x10005694       0xcc CMakeFiles/Passive_Buzzer_Melody.dir/C_/Users/yoshi/.pico-sdk/sdk/2.0.0/lib/tinyusb/src/class/cdc/cdc_device.c.obj
                0x10005694                tud_cdc_n_write_flush
 .text.tud_cdc_n_write
                0x10005760       0x48 CMakeFiles/Passive_Buzzer_Melody.dir/C_/Users/yoshi/.pico-sdk/sdk/2.0.0/lib/tinyusb/src/class/cdc/cdc_device.c.obj
                0x10005760                tud_cdc_n_write
 .text.tud_cdc_n_write_available
                0x100057a8       0x1c CMakeFiles/Passive_Buzzer_Melody.dir/C_/Users/yoshi/.pico-sdk/sdk/2.0.0/lib/tinyusb/src/class/cdc/cdc_device.c.obj
                0x100057a8                tud_cdc_n_write_available
 .text.cdcd_init
                0x100057c4       0xc0 CMakeFiles/Passive_Buzzer_Melody.dir/C_/Users/yoshi/.pico-sdk/sdk/2.0.0/lib/tinyusb/src/class/cdc/cdc_device.c.obj
                0x100057c4                cdcd_init
 .text.cdcd_deinit
                0x10005884       0x50 CMakeFiles/Passive_Buzzer_Melody.dir/C_/Users/yoshi/.pico-sdk/sdk/2.0.0/lib/tinyusb/src/class/cdc/cdc_device.c.obj
                0x10005884                cdcd_deinit
 .text.cdcd_reset
                0x100058d4       0x78 CMakeFiles/Passive_Buzzer_Melody.dir/C_/Users/yoshi/.pico-sdk/sdk/2.0.0/lib/tinyusb/src/class/cdc/cdc_device.c.obj
                0x100058d4                cdcd_reset
 .text.cdcd_open
                0x1000594c       0xf0 CMakeFiles/Passive_Buzzer_Melody.dir/C_/Users/yoshi/.pico-sdk/sdk/2.0.0/lib/tinyusb/src/class/cdc/cdc_device.c.obj
                0x1000594c                cdcd_open
 .text.cdcd_control_xfer_cb
                0x10005a3c      0x138 CMakeFiles/Passive_Buzzer_Melody.dir/C_/Users/yoshi/.pico-sdk/sdk/2.0.0/lib/tinyusb/src/class/cdc/cdc_device.c.obj
                0x10005a3c                cdcd_control_xfer_cb
 .text.cdcd_xfer_cb
                0x10005b74      0x144 CMakeFiles/Passive_Buzzer_Melody.dir/C_/Users/yoshi/.pico-sdk/sdk/2.0.0/lib/tinyusb/src/class/cdc/cdc_device.c.obj
                0x10005b74                cdcd_xfer_cb
 .text._prep_out_transaction
                0x10005cb8       0x3a CMakeFiles/Passive_Buzzer_Melody.dir/C_/Users/yoshi/.pico-sdk/sdk/2.0.0/lib/tinyusb/src/class/vendor/vendor_device.c.obj
 *fill*         0x10005cf2        0x2 
 .text.tud_vendor_n_write_flush
                0x10005cf4       0xcc CMakeFiles/Passive_Buzzer_Melody.dir/C_/Users/yoshi/.pico-sdk/sdk/2.0.0/lib/tinyusb/src/class/vendor/vendor_device.c.obj
                0x10005cf4                tud_vendor_n_write_flush
 .text.vendord_init
                0x10005dc0       0xa0 CMakeFiles/Passive_Buzzer_Melody.dir/C_/Users/yoshi/.pico-sdk/sdk/2.0.0/lib/tinyusb/src/class/vendor/vendor_device.c.obj
                0x10005dc0                vendord_init
 .text.vendord_deinit
                0x10005e60       0x50 CMakeFiles/Passive_Buzzer_Melody.dir/C_/Users/yoshi/.pico-sdk/sdk/2.0.0/lib/tinyusb/src/class/vendor/vendor_device.c.obj
                0x10005e60                vendord_deinit
 .text.vendord_reset
                0x10005eb0       0x38 CMakeFiles/Passive_Buzzer_Melody.dir/C_/Users/yoshi/.pico-sdk/sdk/2.0.0/lib/tinyusb/src/class/vendor/vendor_device.c.obj
                0x10005eb0                vendord_reset
 .text.vendord_open
                0x10005ee8       0xd0 CMakeFiles/Passive_Buzzer_Melody.dir/C_/Users/yoshi/.pico-sdk/sdk/2.0.0/lib/tinyusb/src/class/vendor/vendor_device.c.obj
                0x10005ee8                vendord_open
 .text.vendord_xfer_cb
                0x10005fb8       0xc8 CMakeFiles/Passive_Buzzer_Melody.dir/C_/Users/yoshi/.pico-sdk/sdk/2.0.0/lib/tinyusb/src/class/vendor/vendor_device.c.obj
                0x10005fb8                vendord_xfer_cb
 .text.tusb_init
                0x10006080       0x24 CMakeFiles/Passive_Buzzer_Melody.dir/C_/Users/yoshi/.pico-sdk/sdk/2.0.0/lib/tinyusb/src/tusb.c.obj
                0x10006080                tusb_init
 .text.tu_edpt_claim
                0x100060a4       0x50 CMakeFiles/Passive_Buzzer_Melody.dir/C_/Users/yoshi/.pico-sdk/sdk/2.0.0/lib/tinyusb/src/tusb.c.obj
                0x100060a4                tu_edpt_claim
 .text.tu_edpt_release
                0x100060f4       0x38 CMakeFiles/Passive_Buzzer_Melody.dir/C_/Users/yoshi/.pico-sdk/sdk/2.0.0/lib/tinyusb/src/tusb.c.obj
                0x100060f4                tu_edpt_release
 .text.tu_edpt_validate
                0x1000612c       0xac CMakeFiles/Passive_Buzzer_Melody.dir/C_/Users/yoshi/.pico-sdk/sdk/2.0.0/lib/tinyusb/src/tusb.c.obj
                0x1000612c                tu_edpt_validate
 .text.tu_edpt_bind_driver
                0x100061d8       0x26 CMakeFiles/Passive_Buzzer_Melody.dir/C_/Users/yoshi/.pico-sdk/sdk/2.0.0/lib/tinyusb/src/tusb.c.obj
                0x100061d8                tu_edpt_bind_driver
 .text.advance_index
                0x100061fe       0x1a CMakeFiles/Passive_Buzzer_Melody.dir/C_/Users/yoshi/.pico-sdk/sdk/2.0.0/lib/tinyusb/src/common/tusb_fifo.c.obj
 .text._tu_fifo_peek
                0x10006218       0x56 CMakeFiles/Passive_Buzzer_Melody.dir/C_/Users/yoshi/.pico-sdk/sdk/2.0.0/lib/tinyusb/src/common/tusb_fifo.c.obj
 .text._ff_pull_n
                0x1000626e       0x68 CMakeFiles/Passive_Buzzer_Melody.dir/C_/Users/yoshi/.pico-sdk/sdk/2.0.0/lib/tinyusb/src/common/tusb_fifo.c.obj
 .text._tu_fifo_peek_n
                0x100062d6       0x6a CMakeFiles/Passive_Buzzer_Melody.dir/C_/Users/yoshi/.pico-sdk/sdk/2.0.0/lib/tinyusb/src/common/tusb_fifo.c.obj
 .text._tu_fifo_read_n
                0x10006340       0x4e CMakeFiles/Passive_Buzzer_Melody.dir/C_/Users/yoshi/.pico-sdk/sdk/2.0.0/lib/tinyusb/src/common/tusb_fifo.c.obj
 .text._ff_push_n
                0x1000638e       0x68 CMakeFiles/Passive_Buzzer_Melody.dir/C_/Users/yoshi/.pico-sdk/sdk/2.0.0/lib/tinyusb/src/common/tusb_fifo.c.obj
 .text._tu_fifo_write_n
                0x100063f6       0xf0 CMakeFiles/Passive_Buzzer_Melody.dir/C_/Users/yoshi/.pico-sdk/sdk/2.0.0/lib/tinyusb/src/common/tusb_fifo.c.obj
 .text.tu_fifo_config
                0x100064e6       0x7c CMakeFiles/Passive_Buzzer_Melody.dir/C_/Users/yoshi/.pico-sdk/sdk/2.0.0/lib/tinyusb/src/common/tusb_fifo.c.obj
                0x100064e6                tu_fifo_config
 .text.tu_fifo_count
                0x10006562       0x2a CMakeFiles/Passive_Buzzer_Melody.dir/C_/Users/yoshi/.pico-sdk/sdk/2.0.0/lib/tinyusb/src/common/tusb_fifo.c.obj
                0x10006562                tu_fifo_count
 .text.tu_fifo_empty
                0x1000658c        0xe CMakeFiles/Passive_Buzzer_Melody.dir/C_/Users/yoshi/.pico-sdk/sdk/2.0.0/lib/tinyusb/src/common/tusb_fifo.c.obj
                0x1000658c                tu_fifo_empty
 .text.tu_fifo_full
                0x1000659a       0x28 CMakeFiles/Passive_Buzzer_Melody.dir/C_/Users/yoshi/.pico-sdk/sdk/2.0.0/lib/tinyusb/src/common/tusb_fifo.c.obj
                0x1000659a                tu_fifo_full
 .text.tu_fifo_remaining
                0x100065c2       0x2c CMakeFiles/Passive_Buzzer_Melody.dir/C_/Users/yoshi/.pico-sdk/sdk/2.0.0/lib/tinyusb/src/common/tusb_fifo.c.obj
                0x100065c2                tu_fifo_remaining
 .text.tu_fifo_read
                0x100065ee       0x42 CMakeFiles/Passive_Buzzer_Melody.dir/C_/Users/yoshi/.pico-sdk/sdk/2.0.0/lib/tinyusb/src/common/tusb_fifo.c.obj
                0x100065ee                tu_fifo_read
 .text.tu_fifo_read_n
                0x10006630        0xa CMakeFiles/Passive_Buzzer_Melody.dir/C_/Users/yoshi/.pico-sdk/sdk/2.0.0/lib/tinyusb/src/common/tusb_fifo.c.obj
                0x10006630                tu_fifo_read_n
 .text.tu_fifo_write
                0x1000663a       0x64 CMakeFiles/Passive_Buzzer_Melody.dir/C_/Users/yoshi/.pico-sdk/sdk/2.0.0/lib/tinyusb/src/common/tusb_fifo.c.obj
                0x1000663a                tu_fifo_write
 .text.tu_fifo_write_n
                0x1000669e        0xa CMakeFiles/Passive_Buzzer_Melody.dir/C_/Users/yoshi/.pico-sdk/sdk/2.0.0/lib/tinyusb/src/common/tusb_fifo.c.obj
                0x1000669e                tu_fifo_write_n
 .text.tu_fifo_clear
                0x100066a8       0x3e CMakeFiles/Passive_Buzzer_Melody.dir/C_/Users/yoshi/.pico-sdk/sdk/2.0.0/lib/tinyusb/src/common/tusb_fifo.c.obj
                0x100066a8                tu_fifo_clear
 .text.tu_fifo_set_overwritable
                0x100066e6       0x46 CMakeFiles/Passive_Buzzer_Melody.dir/C_/Users/yoshi/.pico-sdk/sdk/2.0.0/lib/tinyusb/src/common/tusb_fifo.c.obj
                0x100066e6                tu_fifo_set_overwritable
 .text.strlen   0x1000672c       0x5c C:/Users/yoshi/.pico-sdk/toolchain/13_2_Rel1/bin/../lib/gcc/arm-none-eabi/13.2.1/thumb/v6-m/nofp\libg.a(libc_a-strlen-stub.o)
                0x1000672c                strlen
 *(.fini)
 .fini          0x10006788        0x4 C:/Users/yoshi/.pico-sdk/toolchain/13_2_Rel1/bin/../lib/gcc/arm-none-eabi/13.2.1/thumb/v6-m/nofp/crti.o
                0x10006788                _fini
 *fill*         0x1000678c        0x4 
 .fini.__stub   0x10006790       0xd0 linker stubs
 *crtbegin.o(.ctors)
 *crtbegin?.o(.ctors)
 *(EXCLUDE_FILE(*crtend.o *crtend?.o) .ctors)
 *(SORT_BY_NAME(.ctors.*))
 *(.ctors)
 *crtbegin.o(.dtors)
 *crtbegin?.o(.dtors)
 *(EXCLUDE_FILE(*crtend.o *crtend?.o) .dtors)
 *(SORT_BY_NAME(.dtors.*))
 *(.dtors)
                0x10006860                        . = ALIGN (0x4)
                0x10006860                        PROVIDE (__preinit_array_start = .)
 *(SORT_BY_NAME(.preinit_array.*))
 .preinit_array.00100
                0x10006860        0x4 CMakeFiles/Passive_Buzzer_Melody.dir/C_/Users/yoshi/.pico-sdk/sdk/2.0.0/src/rp2_common/pico_runtime_init/runtime_init.c.obj
                0x10006860                __pre_init_runtime_init_early_resets
 .preinit_array.00101
                0x10006864        0x4 CMakeFiles/Passive_Buzzer_Melody.dir/C_/Users/yoshi/.pico-sdk/sdk/2.0.0/src/rp2_common/pico_runtime_init/runtime_init.c.obj
                0x10006864                __pre_init_runtime_init_usb_power_down
 .preinit_array.00275
                0x10006868        0x4 CMakeFiles/Passive_Buzzer_Melody.dir/C_/Users/yoshi/.pico-sdk/sdk/2.0.0/src/rp2_common/pico_bit_ops/bit_ops_aeabi.S.obj
 .preinit_array.00300
                0x1000686c        0x4 CMakeFiles/Passive_Buzzer_Melody.dir/C_/Users/yoshi/.pico-sdk/sdk/2.0.0/src/rp2_common/pico_mem_ops/mem_ops_aeabi.S.obj
 .preinit_array.00350
                0x10006870        0x4 CMakeFiles/Passive_Buzzer_Melody.dir/C_/Users/yoshi/.pico-sdk/sdk/2.0.0/src/rp2_common/pico_double/double_aeabi_rp2040.S.obj
 .preinit_array.00350
                0x10006874        0x4 CMakeFiles/Passive_Buzzer_Melody.dir/C_/Users/yoshi/.pico-sdk/sdk/2.0.0/src/rp2_common/pico_float/float_aeabi_rp2040.S.obj
 .preinit_array.00500
                0x10006878        0x4 CMakeFiles/Passive_Buzzer_Melody.dir/C_/Users/yoshi/.pico-sdk/sdk/2.0.0/src/rp2_common/pico_runtime_init/runtime_init.c.obj
                0x10006878                __pre_init_runtime_init_clocks
 .preinit_array.00600
                0x1000687c        0x4 CMakeFiles/Passive_Buzzer_Melody.dir/C_/Users/yoshi/.pico-sdk/sdk/2.0.0/src/rp2_common/pico_runtime_init/runtime_init.c.obj
                0x1000687c                __pre_init_runtime_init_post_clock_resets
 .preinit_array.00700
                0x10006880        0x4 CMakeFiles/Passive_Buzzer_Melody.dir/C_/Users/yoshi/.pico-sdk/sdk/2.0.0/src/rp2_common/pico_runtime_init/runtime_init.c.obj
                0x10006880                __pre_init_runtime_init_rp2040_gpio_ie_disable
 .preinit_array.01000
                0x10006884        0x4 CMakeFiles/Passive_Buzzer_Melody.dir/C_/Users/yoshi/.pico-sdk/sdk/2.0.0/src/rp2_common/pico_runtime_init/runtime_init.c.obj
                0x10006884                __pre_init_runtime_init_spin_locks_reset
 .preinit_array.01100
                0x10006888        0x4 CMakeFiles/Passive_Buzzer_Melody.dir/C_/Users/yoshi/.pico-sdk/sdk/2.0.0/src/common/pico_sync/mutex.c.obj
                0x10006888                __pre_init_runtime_init_mutex
 .preinit_array.10080
                0x1000688c        0x4 CMakeFiles/Passive_Buzzer_Melody.dir/C_/Users/yoshi/.pico-sdk/sdk/2.0.0/src/rp2_common/pico_runtime_init/runtime_init.c.obj
                0x1000688c                __pre_init_runtime_init_install_ram_vector_table
 .preinit_array.11000
                0x10006890        0x4 CMakeFiles/Passive_Buzzer_Melody.dir/C_/Users/yoshi/.pico-sdk/sdk/2.0.0/src/common/pico_time/time.c.obj
                0x10006890                __pre_init_runtime_init_default_alarm_pool
 .preinit_array.YYYYY
                0x10006894        0x4 CMakeFiles/Passive_Buzzer_Melody.dir/C_/Users/yoshi/.pico-sdk/sdk/2.0.0/src/rp2_common/pico_runtime/runtime.c.obj
                0x10006894                __pre_init_first_per_core_initializer
 .preinit_array.ZZZZZ.01200
                0x10006898        0x4 CMakeFiles/Passive_Buzzer_Melody.dir/C_/Users/yoshi/.pico-sdk/sdk/2.0.0/src/rp2_common/hardware_irq/irq.c.obj
                0x10006898                __pre_init_runtime_init_per_core_irq_priorities
 *(.preinit_array)
                0x1000689c                        PROVIDE (__preinit_array_end = .)
                0x1000689c                        . = ALIGN (0x4)
                0x1000689c                        PROVIDE (__init_array_start = .)
 *(SORT_BY_NAME(.init_array.*))
 *(.init_array)
 .init_array    0x1000689c        0x4 C:/Users/yoshi/.pico-sdk/toolchain/13_2_Rel1/bin/../lib/gcc/arm-none-eabi/13.2.1/thumb/v6-m/nofp/crtbegin.o
 .init_array    0x100068a0        0x4 CMakeFiles/Passive_Buzzer_Melody.dir/C_/Users/yoshi/.pico-sdk/sdk/2.0.0/src/rp2_common/pico_unique_id/unique_id.c.obj
                0x100068a4                        PROVIDE (__init_array_end = .)
                0x100068a4                        . = ALIGN (0x4)
                [!provide]                        PROVIDE (__fini_array_start = .)
 *(SORT_BY_NAME(.fini_array.*))
 *(.fini_array)
                [!provide]                        PROVIDE (__fini_array_end = .)
 *(.eh_frame*)
 .eh_frame      0x100068a4        0x0 C:/Users/yoshi/.pico-sdk/toolchain/13_2_Rel1/bin/../lib/gcc/arm-none-eabi/13.2.1/thumb/v6-m/nofp/crtbegin.o
                0x100068a4                        . = ALIGN (0x4)

.glue_7         0x100068a4        0x0
 .glue_7        0x100068a4        0x0 linker stubs

.glue_7t        0x100068a4        0x0
 .glue_7t       0x100068a4        0x0 linker stubs

.vfp11_veneer   0x100068a4        0x0
 .vfp11_veneer  0x100068a4        0x0 linker stubs

.v4_bx          0x100068a4        0x0
 .v4_bx         0x100068a4        0x0 linker stubs

.iplt           0x100068a4        0x0
 .iplt          0x100068a4        0x0 C:/Users/yoshi/.pico-sdk/toolchain/13_2_Rel1/bin/../lib/gcc/arm-none-eabi/13.2.1/thumb/v6-m/nofp/crtbegin.o

.rodata         0x100068a8     0x1d0c
 *(EXCLUDE_FILE(*libm.a: *libc.a:*lib_a-mem*.o *libgcc.a:) .rodata*)
 .rodata._Z9play_tonejjj.str1.4
                0x100068a8      0xd1b CMakeFiles/Passive_Buzzer_Melody.dir/Passive_Buzzer_Melody.cpp.obj
                                 0x1e (size before relaxing)
 *fill*         0x100075c3        0x1 
 .rodata        0x100075c4      0x7e0 CMakeFiles/Passive_Buzzer_Melody.dir/Passive_Buzzer_Melody.cpp.obj
 .rodata.gpio_add_raw_irq_handler_with_order_priority_masked.str1.4
                0x10007da4       0x73 CMakeFiles/Passive_Buzzer_Melody.dir/C_/Users/yoshi/.pico-sdk/sdk/2.0.0/src/rp2_common/hardware_gpio/gpio.c.obj
 .rodata.gpio_set_irq_enabled.str1.4
                0x10007da4       0x55 CMakeFiles/Passive_Buzzer_Melody.dir/C_/Users/yoshi/.pico-sdk/sdk/2.0.0/src/rp2_common/hardware_gpio/gpio.c.obj
 .rodata.__func__.4
                0x10007da4       0x15 CMakeFiles/Passive_Buzzer_Melody.dir/C_/Users/yoshi/.pico-sdk/sdk/2.0.0/src/rp2_common/hardware_gpio/gpio.c.obj
 .rodata.rp2040_chip_version.str1.4
                0x10007db9       0x7d CMakeFiles/Passive_Buzzer_Melody.dir/C_/Users/yoshi/.pico-sdk/sdk/2.0.0/src/rp2040/pico_platform/platform.c.obj
 *fill*         0x10007db9        0x3 
 .rodata.__func__.0
                0x10007dbc       0x14 CMakeFiles/Passive_Buzzer_Melody.dir/C_/Users/yoshi/.pico-sdk/sdk/2.0.0/src/rp2040/pico_platform/platform.c.obj
 .rodata.panic.str1.4
                0x10007dd0       0x12 CMakeFiles/Passive_Buzzer_Melody.dir/C_/Users/yoshi/.pico-sdk/sdk/2.0.0/src/rp2_common/pico_platform_panic/panic.c.obj
 .rodata.spin_lock_claim_unused.str1.4
                0x10007dd0       0x1b CMakeFiles/Passive_Buzzer_Melody.dir/C_/Users/yoshi/.pico-sdk/sdk/2.0.0/src/rp2_common/hardware_sync/sync.c.obj
 .rodata.resolve_j_16.str1.4
                0x10007dd0       0x5d CMakeFiles/Passive_Buzzer_Melody.dir/C_/Users/yoshi/.pico-sdk/sdk/2.0.0/src/rp2_common/hardware_irq/irq.c.obj
 .rodata.make_j_16.str1.4
                0x10007dd0       0x30 CMakeFiles/Passive_Buzzer_Melody.dir/C_/Users/yoshi/.pico-sdk/sdk/2.0.0/src/rp2_common/hardware_irq/irq.c.obj
 .rodata.insert_bl_32.str1.4
                0x10007dd0       0x10 CMakeFiles/Passive_Buzzer_Melody.dir/C_/Users/yoshi/.pico-sdk/sdk/2.0.0/src/rp2_common/hardware_irq/irq.c.obj
 .rodata.irq_set_exclusive_handler.str1.4
                0x10007dd0       0x36 CMakeFiles/Passive_Buzzer_Melody.dir/C_/Users/yoshi/.pico-sdk/sdk/2.0.0/src/rp2_common/hardware_irq/irq.c.obj
 .rodata.irq_add_shared_handler.str1.4
                0x10007dd0       0xd2 CMakeFiles/Passive_Buzzer_Melody.dir/C_/Users/yoshi/.pico-sdk/sdk/2.0.0/src/rp2_common/hardware_irq/irq.c.obj
 .rodata.irq_remove_handler.str1.4
                0x10007dd0       0x3a CMakeFiles/Passive_Buzzer_Melody.dir/C_/Users/yoshi/.pico-sdk/sdk/2.0.0/src/rp2_common/hardware_irq/irq.c.obj
 .rodata.irq_add_tail_to_free_list.str1.4
                0x10007dd0       0x3a CMakeFiles/Passive_Buzzer_Melody.dir/C_/Users/yoshi/.pico-sdk/sdk/2.0.0/src/rp2_common/hardware_irq/irq.c.obj
 .rodata.user_irq_claim_unused.str1.4
                0x10007dd0       0x1b CMakeFiles/Passive_Buzzer_Melody.dir/C_/Users/yoshi/.pico-sdk/sdk/2.0.0/src/rp2_common/hardware_irq/irq.c.obj
 .rodata.__func__.0
                0x10007dd0       0x1a CMakeFiles/Passive_Buzzer_Melody.dir/C_/Users/yoshi/.pico-sdk/sdk/2.0.0/src/rp2_common/hardware_irq/irq.c.obj
 *fill*         0x10007dea        0x2 
 .rodata.__func__.1
                0x10007dec        0xd CMakeFiles/Passive_Buzzer_Melody.dir/C_/Users/yoshi/.pico-sdk/sdk/2.0.0/src/rp2_common/hardware_irq/irq.c.obj
 *fill*         0x10007df9        0x3 
 .rodata.__func__.2
                0x10007dfc       0x13 CMakeFiles/Passive_Buzzer_Melody.dir/C_/Users/yoshi/.pico-sdk/sdk/2.0.0/src/rp2_common/hardware_irq/irq.c.obj
 *fill*         0x10007e0f        0x1 
 .rodata.__func__.3
                0x10007e10        0xa CMakeFiles/Passive_Buzzer_Melody.dir/C_/Users/yoshi/.pico-sdk/sdk/2.0.0/src/rp2_common/hardware_irq/irq.c.obj
 *fill*         0x10007e1a        0x2 
 .rodata.__func__.4
                0x10007e1c        0xd CMakeFiles/Passive_Buzzer_Melody.dir/C_/Users/yoshi/.pico-sdk/sdk/2.0.0/src/rp2_common/hardware_irq/irq.c.obj
 *fill*         0x10007e29        0x3 
 .rodata.__func__.5
                0x10007e2c       0x17 CMakeFiles/Passive_Buzzer_Melody.dir/C_/Users/yoshi/.pico-sdk/sdk/2.0.0/src/rp2_common/hardware_irq/irq.c.obj
 *fill*         0x10007e43        0x1 
 .rodata.__func__.6
                0x10007e44       0x1a CMakeFiles/Passive_Buzzer_Melody.dir/C_/Users/yoshi/.pico-sdk/sdk/2.0.0/src/rp2_common/hardware_irq/irq.c.obj
 .rodata.runtime_init_mutex.str1.4
                0x10007e5e       0x60 CMakeFiles/Passive_Buzzer_Melody.dir/C_/Users/yoshi/.pico-sdk/sdk/2.0.0/src/common/pico_sync/mutex.c.obj
 .rodata.str1.4
                0x10007e5e       0x51 CMakeFiles/Passive_Buzzer_Melody.dir/C_/Users/yoshi/.pico-sdk/sdk/2.0.0/src/common/pico_sync/mutex.c.obj
 *fill*         0x10007e5e        0x2 
 .rodata.__func__.1
                0x10007e60        0xb CMakeFiles/Passive_Buzzer_Melody.dir/C_/Users/yoshi/.pico-sdk/sdk/2.0.0/src/common/pico_sync/mutex.c.obj
 *fill*         0x10007e6b        0x1 
 .rodata.__func__.3
                0x10007e6c       0x18 CMakeFiles/Passive_Buzzer_Melody.dir/C_/Users/yoshi/.pico-sdk/sdk/2.0.0/src/common/pico_sync/mutex.c.obj
 .rodata.__func__.6
                0x10007e84       0x13 CMakeFiles/Passive_Buzzer_Melody.dir/C_/Users/yoshi/.pico-sdk/sdk/2.0.0/src/common/pico_sync/mutex.c.obj
 .rodata.alarm_pool_irq_handler.str1.4
                0x10007e97       0x6b CMakeFiles/Passive_Buzzer_Melody.dir/C_/Users/yoshi/.pico-sdk/sdk/2.0.0/src/common/pico_time/time.c.obj
 .rodata.alarm_pool_get_default.str1.4
                0x10007e97       0x21 CMakeFiles/Passive_Buzzer_Melody.dir/C_/Users/yoshi/.pico-sdk/sdk/2.0.0/src/common/pico_time/time.c.obj
 .rodata.sleep_until.str1.4
                0x10007e97       0x4d CMakeFiles/Passive_Buzzer_Melody.dir/C_/Users/yoshi/.pico-sdk/sdk/2.0.0/src/common/pico_time/time.c.obj
 *fill*         0x10007e97        0x1 
 .rodata.__func__.1
                0x10007e98       0x17 CMakeFiles/Passive_Buzzer_Melody.dir/C_/Users/yoshi/.pico-sdk/sdk/2.0.0/src/common/pico_time/time.c.obj
 *fill*         0x10007eaf        0x1 
 .rodata.__func__.2
                0x10007eb0       0x17 CMakeFiles/Passive_Buzzer_Melody.dir/C_/Users/yoshi/.pico-sdk/sdk/2.0.0/src/common/pico_time/time.c.obj
 .rodata.timer_hardware_alarm_claim.str1.4
                0x10007ec7       0x22 CMakeFiles/Passive_Buzzer_Melody.dir/C_/Users/yoshi/.pico-sdk/sdk/2.0.0/src/rp2_common/hardware_timer/timer.c.obj
 .rodata.pll_init.str1.4
                0x10007ec7      0x11c CMakeFiles/Passive_Buzzer_Melody.dir/C_/Users/yoshi/.pico-sdk/sdk/2.0.0/src/rp2_common/hardware_pll/pll.c.obj
 *fill*         0x10007ec7        0x1 
 .rodata.__func__.0
                0x10007ec8        0x9 CMakeFiles/Passive_Buzzer_Melody.dir/C_/Users/yoshi/.pico-sdk/sdk/2.0.0/src/rp2_common/hardware_pll/pll.c.obj
 .rodata.missing_double_func_shim.str1.4
                0x10007ed1       0x18 CMakeFiles/Passive_Buzzer_Melody.dir/C_/Users/yoshi/.pico-sdk/sdk/2.0.0/src/rp2_common/pico_double/double_init_rom_rp2040.c.obj
 .rodata.__aeabi_double_init.str1.4
                0x10007ed1       0x9b CMakeFiles/Passive_Buzzer_Melody.dir/C_/Users/yoshi/.pico-sdk/sdk/2.0.0/src/rp2_common/pico_double/double_init_rom_rp2040.c.obj
 *fill*         0x10007ed1        0x3 
 .rodata.__func__.0
                0x10007ed4       0x14 CMakeFiles/Passive_Buzzer_Melody.dir/C_/Users/yoshi/.pico-sdk/sdk/2.0.0/src/rp2_common/pico_double/double_init_rom_rp2040.c.obj
 .rodata.missing_float_func_shim.str1.4
                0x10007ee8        0x1 CMakeFiles/Passive_Buzzer_Melody.dir/C_/Users/yoshi/.pico-sdk/sdk/2.0.0/src/rp2_common/pico_float/float_init_rom_rp2040.c.obj
 .rodata.__aeabi_float_init.str1.4
                0x10007ee8       0x89 CMakeFiles/Passive_Buzzer_Melody.dir/C_/Users/yoshi/.pico-sdk/sdk/2.0.0/src/rp2_common/pico_float/float_init_rom_rp2040.c.obj
 .rodata.__func__.0
                0x10007ee8       0x13 CMakeFiles/Passive_Buzzer_Melody.dir/C_/Users/yoshi/.pico-sdk/sdk/2.0.0/src/rp2_common/pico_float/float_init_rom_rp2040.c.obj
 .rodata.str1.4
                0x10007efb       0x40 CMakeFiles/Passive_Buzzer_Melody.dir/C_/Users/yoshi/.pico-sdk/sdk/2.0.0/src/rp2_common/pico_standard_binary_info/standard_binary_info.c.obj
 *fill*         0x10007efb        0x1 
 .rodata.__bi_84
                0x10007efc        0xc CMakeFiles/Passive_Buzzer_Melody.dir/C_/Users/yoshi/.pico-sdk/sdk/2.0.0/src/rp2_common/pico_standard_binary_info/standard_binary_info.c.obj
 .rodata.__bi_60
                0x10007f08        0xc CMakeFiles/Passive_Buzzer_Melody.dir/C_/Users/yoshi/.pico-sdk/sdk/2.0.0/src/rp2_common/pico_standard_binary_info/standard_binary_info.c.obj
 .rodata.__bi_54
                0x10007f14        0xc CMakeFiles/Passive_Buzzer_Melody.dir/C_/Users/yoshi/.pico-sdk/sdk/2.0.0/src/rp2_common/pico_standard_binary_info/standard_binary_info.c.obj
 .rodata.__bi_48
                0x10007f20        0xc CMakeFiles/Passive_Buzzer_Melody.dir/C_/Users/yoshi/.pico-sdk/sdk/2.0.0/src/rp2_common/pico_standard_binary_info/standard_binary_info.c.obj
 .rodata.__bi_42
                0x10007f2c        0xc CMakeFiles/Passive_Buzzer_Melody.dir/C_/Users/yoshi/.pico-sdk/sdk/2.0.0/src/rp2_common/pico_standard_binary_info/standard_binary_info.c.obj
 .rodata.__bi_34
                0x10007f38        0xc CMakeFiles/Passive_Buzzer_Melody.dir/C_/Users/yoshi/.pico-sdk/sdk/2.0.0/src/rp2_common/pico_standard_binary_info/standard_binary_info.c.obj
 .rodata.__bi_26
                0x10007f44        0xc CMakeFiles/Passive_Buzzer_Melody.dir/C_/Users/yoshi/.pico-sdk/sdk/2.0.0/src/rp2_common/pico_standard_binary_info/standard_binary_info.c.obj
 .rodata._ftoa.str1.4
                0x10007f50       0x15 CMakeFiles/Passive_Buzzer_Melody.dir/C_/Users/yoshi/.pico-sdk/sdk/2.0.0/src/rp2_common/pico_printf/printf.c.obj
 .rodata._vsnprintf
                0x10007f50      0x19c CMakeFiles/Passive_Buzzer_Melody.dir/C_/Users/yoshi/.pico-sdk/sdk/2.0.0/src/rp2_common/pico_printf/printf.c.obj
 *fill*         0x100080ec        0x4 
 .rodata.pow10.0
                0x100080f0       0x50 CMakeFiles/Passive_Buzzer_Melody.dir/C_/Users/yoshi/.pico-sdk/sdk/2.0.0/src/rp2_common/pico_printf/printf.c.obj
 .rodata.__assert_func.str1.4
                0x10008140       0x43 CMakeFiles/Passive_Buzzer_Melody.dir/C_/Users/yoshi/.pico-sdk/sdk/2.0.0/src/rp2_common/pico_clib_interface/newlib_interface.c.obj
 .rodata.crlf_str.0
                0x10008140        0x2 CMakeFiles/Passive_Buzzer_Melody.dir/C_/Users/yoshi/.pico-sdk/sdk/2.0.0/src/rp2_common/pico_stdio/stdio.c.obj
 *fill*         0x10008142        0x2 
 .rodata._resetd_driver
                0x10008144       0x20 CMakeFiles/Passive_Buzzer_Melody.dir/C_/Users/yoshi/.pico-sdk/sdk/2.0.0/src/rp2_common/pico_stdio_usb/reset_interface.c.obj
 .rodata.desc_ms_os_20
                0x10008164       0xa6 CMakeFiles/Passive_Buzzer_Melody.dir/C_/Users/yoshi/.pico-sdk/sdk/2.0.0/src/rp2_common/pico_stdio_usb/reset_interface.c.obj
 *fill*         0x1000820a        0x2 
 .rodata.desc_bos
                0x1000820c       0x21 CMakeFiles/Passive_Buzzer_Melody.dir/C_/Users/yoshi/.pico-sdk/sdk/2.0.0/src/rp2_common/pico_stdio_usb/reset_interface.c.obj
                0x1000820c                desc_bos
 .rodata.stdio_usb_init.str1.4
                0x1000822d       0x55 CMakeFiles/Passive_Buzzer_Melody.dir/C_/Users/yoshi/.pico-sdk/sdk/2.0.0/src/rp2_common/pico_stdio_usb/stdio_usb.c.obj
 .rodata.str1.4
                0x1000822d       0x13 CMakeFiles/Passive_Buzzer_Melody.dir/C_/Users/yoshi/.pico-sdk/sdk/2.0.0/src/rp2_common/pico_stdio_usb/stdio_usb.c.obj
 *fill*         0x1000822d        0x3 
 .rodata.__bi_197.1
                0x10008230        0xc CMakeFiles/Passive_Buzzer_Melody.dir/C_/Users/yoshi/.pico-sdk/sdk/2.0.0/src/rp2_common/pico_stdio_usb/stdio_usb.c.obj
 .rodata.__func__.2
                0x1000823c        0xf CMakeFiles/Passive_Buzzer_Melody.dir/C_/Users/yoshi/.pico-sdk/sdk/2.0.0/src/rp2_common/pico_stdio_usb/stdio_usb.c.obj
 .rodata.str1.4
                0x1000824b       0x2a CMakeFiles/Passive_Buzzer_Melody.dir/C_/Users/yoshi/.pico-sdk/sdk/2.0.0/src/rp2_common/pico_stdio_usb/stdio_usb_descriptors.c.obj
 *fill*         0x1000824b        0x1 
 .rodata.usbd_desc_str
                0x1000824c       0x18 CMakeFiles/Passive_Buzzer_Melody.dir/C_/Users/yoshi/.pico-sdk/sdk/2.0.0/src/rp2_common/pico_stdio_usb/stdio_usb_descriptors.c.obj
 .rodata.usbd_desc_cfg
                0x10008264       0x54 CMakeFiles/Passive_Buzzer_Melody.dir/C_/Users/yoshi/.pico-sdk/sdk/2.0.0/src/rp2_common/pico_stdio_usb/stdio_usb_descriptors.c.obj
 .rodata.usbd_desc_device
                0x100082b8       0x12 CMakeFiles/Passive_Buzzer_Melody.dir/C_/Users/yoshi/.pico-sdk/sdk/2.0.0/src/rp2_common/pico_stdio_usb/stdio_usb_descriptors.c.obj
 .rodata.pico_get_unique_board_id_string.str1.4
                0x100082ca       0x55 CMakeFiles/Passive_Buzzer_Melody.dir/C_/Users/yoshi/.pico-sdk/sdk/2.0.0/src/rp2_common/pico_unique_id/unique_id.c.obj
 *fill*         0x100082ca        0x2 
 .rodata.__func__.0
                0x100082cc       0x20 CMakeFiles/Passive_Buzzer_Melody.dir/C_/Users/yoshi/.pico-sdk/sdk/2.0.0/src/rp2_common/pico_unique_id/unique_id.c.obj
 .rodata.str1.4
                0x100082ec      0x199 CMakeFiles/Passive_Buzzer_Melody.dir/C_/Users/yoshi/.pico-sdk/sdk/2.0.0/src/rp2_common/hardware_flash/flash.c.obj
 .rodata.__func__.0
                0x100082ec        0xd CMakeFiles/Passive_Buzzer_Melody.dir/C_/Users/yoshi/.pico-sdk/sdk/2.0.0/src/rp2_common/hardware_flash/flash.c.obj
 .rodata._hw_endpoint_alloc.str1.4
                0x100082f9       0xbd CMakeFiles/Passive_Buzzer_Melody.dir/C_/Users/yoshi/.pico-sdk/sdk/2.0.0/lib/tinyusb/src/portable/raspberrypi/rp2040/dcd_rp2040.c.obj
 .rodata.str1.4
                0x100082f9       0x14 CMakeFiles/Passive_Buzzer_Melody.dir/C_/Users/yoshi/.pico-sdk/sdk/2.0.0/lib/tinyusb/src/portable/raspberrypi/rp2040/dcd_rp2040.c.obj
 .rodata.dcd_int_enable.str1.4
                0x100082f9        0xc CMakeFiles/Passive_Buzzer_Melody.dir/C_/Users/yoshi/.pico-sdk/sdk/2.0.0/lib/tinyusb/src/portable/raspberrypi/rp2040/dcd_rp2040.c.obj
 *fill*         0x100082f9        0x3 
 .rodata.__func__.0
                0x100082fc        0xe CMakeFiles/Passive_Buzzer_Melody.dir/C_/Users/yoshi/.pico-sdk/sdk/2.0.0/lib/tinyusb/src/portable/raspberrypi/rp2040/dcd_rp2040.c.obj
 *fill*         0x1000830a        0x2 
 .rodata.__func__.1
                0x1000830c        0xe CMakeFiles/Passive_Buzzer_Melody.dir/C_/Users/yoshi/.pico-sdk/sdk/2.0.0/lib/tinyusb/src/portable/raspberrypi/rp2040/dcd_rp2040.c.obj
 *fill*         0x1000831a        0x2 
 .rodata.__func__.3
                0x1000831c       0x10 CMakeFiles/Passive_Buzzer_Melody.dir/C_/Users/yoshi/.pico-sdk/sdk/2.0.0/lib/tinyusb/src/portable/raspberrypi/rp2040/dcd_rp2040.c.obj
 .rodata.__func__.5
                0x1000832c        0xf CMakeFiles/Passive_Buzzer_Melody.dir/C_/Users/yoshi/.pico-sdk/sdk/2.0.0/lib/tinyusb/src/portable/raspberrypi/rp2040/dcd_rp2040.c.obj
 *fill*         0x1000833b        0x1 
 .rodata.__func__.6
                0x1000833c       0x13 CMakeFiles/Passive_Buzzer_Melody.dir/C_/Users/yoshi/.pico-sdk/sdk/2.0.0/lib/tinyusb/src/portable/raspberrypi/rp2040/dcd_rp2040.c.obj
 *fill*         0x1000834f        0x1 
 .rodata.__func__.7
                0x10008350        0x9 CMakeFiles/Passive_Buzzer_Melody.dir/C_/Users/yoshi/.pico-sdk/sdk/2.0.0/lib/tinyusb/src/portable/raspberrypi/rp2040/dcd_rp2040.c.obj
 .rodata.str1.4
                0x10008359       0xe4 CMakeFiles/Passive_Buzzer_Melody.dir/C_/Users/yoshi/.pico-sdk/sdk/2.0.0/lib/tinyusb/src/portable/raspberrypi/rp2040/rp2040_usb.c.obj
 .rodata.hw_endpoint_xfer_start.str1.4
                0x10008359       0x38 CMakeFiles/Passive_Buzzer_Melody.dir/C_/Users/yoshi/.pico-sdk/sdk/2.0.0/lib/tinyusb/src/portable/raspberrypi/rp2040/rp2040_usb.c.obj
 *fill*         0x10008359        0x3 
 .rodata.__func__.0
                0x1000835c        0xf CMakeFiles/Passive_Buzzer_Melody.dir/C_/Users/yoshi/.pico-sdk/sdk/2.0.0/lib/tinyusb/src/portable/raspberrypi/rp2040/rp2040_usb.c.obj
 .rodata.configuration_reset.str1.4
                0x1000836b       0x17 CMakeFiles/Passive_Buzzer_Melody.dir/C_/Users/yoshi/.pico-sdk/sdk/2.0.0/lib/tinyusb/src/device/usbd.c.obj
 *fill*         0x1000836b        0x1 
 .rodata.process_get_descriptor
                0x1000836c       0x40 CMakeFiles/Passive_Buzzer_Melody.dir/C_/Users/yoshi/.pico-sdk/sdk/2.0.0/lib/tinyusb/src/device/usbd.c.obj
 .rodata        0x100083ac       0x1c CMakeFiles/Passive_Buzzer_Melody.dir/C_/Users/yoshi/.pico-sdk/sdk/2.0.0/lib/tinyusb/src/device/usbd.c.obj
 .rodata.process_control_request
                0x100083c8       0x28 CMakeFiles/Passive_Buzzer_Melody.dir/C_/Users/yoshi/.pico-sdk/sdk/2.0.0/lib/tinyusb/src/device/usbd.c.obj
 .rodata.tud_task_ext
                0x100083f0       0x24 CMakeFiles/Passive_Buzzer_Melody.dir/C_/Users/yoshi/.pico-sdk/sdk/2.0.0/lib/tinyusb/src/device/usbd.c.obj
 .rodata.__func__.4
                0x10008414        0xf CMakeFiles/Passive_Buzzer_Melody.dir/C_/Users/yoshi/.pico-sdk/sdk/2.0.0/lib/tinyusb/src/device/usbd.c.obj
 *fill*         0x10008423        0x1 
 .rodata.__func__.5
                0x10008424        0xf CMakeFiles/Passive_Buzzer_Melody.dir/C_/Users/yoshi/.pico-sdk/sdk/2.0.0/lib/tinyusb/src/device/usbd.c.obj
 *fill*         0x10008433        0x1 
 .rodata.__func__.6
                0x10008434       0x14 CMakeFiles/Passive_Buzzer_Melody.dir/C_/Users/yoshi/.pico-sdk/sdk/2.0.0/lib/tinyusb/src/device/usbd.c.obj
 .rodata.__func__.7
                0x10008448        0xc CMakeFiles/Passive_Buzzer_Melody.dir/C_/Users/yoshi/.pico-sdk/sdk/2.0.0/lib/tinyusb/src/device/usbd.c.obj
 .rodata.__func__.8
                0x10008454       0x17 CMakeFiles/Passive_Buzzer_Melody.dir/C_/Users/yoshi/.pico-sdk/sdk/2.0.0/lib/tinyusb/src/device/usbd.c.obj
 *fill*         0x1000846b        0x1 
 .rodata.__func__.9
                0x1000846c       0x13 CMakeFiles/Passive_Buzzer_Melody.dir/C_/Users/yoshi/.pico-sdk/sdk/2.0.0/lib/tinyusb/src/device/usbd.c.obj
 *fill*         0x1000847f        0x1 
 .rodata.__func__.10